<?xml version="1.0" encoding="ISO-8859-1" ?>
<link_info>
   <banner>TMS320C2000 Linker PC v18.1.4.LTS</banner>
   <copyright>Copyright (c) 1996-2018 Texas Instruments Incorporated</copyright>
   <link_time>0x5ce6b62b</link_time>
   <link_errors>0x0</link_errors>
   <output_file>MyFilter.out</output_file>
   <entry_point>
      <name>_c_int00</name>
      <address>0x8f21</address>
   </entry_point>
   <input_file_list>
      <input_file id="fl-2">
         <path>.\</path>
         <kind>object</kind>
         <file>hello.obj</file>
         <name>hello.obj</name>
      </input_file>
      <input_file id="fl-7">
         <kind>object</kind>
         <file>&lt;internal&gt;</file>
         <name>&lt;internal&gt;</name>
      </input_file>
      <input_file id="fl-13">
         <path>F:\CCS_8.0\ccsv8\tools\compiler\ti-cgt-c2000_18.1.4.LTS\lib\</path>
         <kind>archive</kind>
         <file>rts2800_ml.lib</file>
         <name>boot28.asm.obj</name>
      </input_file>
      <input_file id="fl-14">
         <path>F:\CCS_8.0\ccsv8\tools\compiler\ti-cgt-c2000_18.1.4.LTS\lib\</path>
         <kind>archive</kind>
         <file>rts2800_ml.lib</file>
         <name>epilog28.asm.obj</name>
      </input_file>
      <input_file id="fl-15">
         <path>F:\CCS_8.0\ccsv8\tools\compiler\ti-cgt-c2000_18.1.4.LTS\lib\</path>
         <kind>archive</kind>
         <file>rts2800_ml.lib</file>
         <name>fs_add28.asm.obj</name>
      </input_file>
      <input_file id="fl-16">
         <path>F:\CCS_8.0\ccsv8\tools\compiler\ti-cgt-c2000_18.1.4.LTS\lib\</path>
         <kind>archive</kind>
         <file>rts2800_ml.lib</file>
         <name>fs_mpy28.asm.obj</name>
      </input_file>
      <input_file id="fl-17">
         <path>F:\CCS_8.0\ccsv8\tools\compiler\ti-cgt-c2000_18.1.4.LTS\lib\</path>
         <kind>archive</kind>
         <file>rts2800_ml.lib</file>
         <name>fs_toi28.asm.obj</name>
      </input_file>
      <input_file id="fl-18">
         <path>F:\CCS_8.0\ccsv8\tools\compiler\ti-cgt-c2000_18.1.4.LTS\lib\</path>
         <kind>archive</kind>
         <file>rts2800_ml.lib</file>
         <name>i_tofs28.asm.obj</name>
      </input_file>
      <input_file id="fl-19">
         <path>F:\CCS_8.0\ccsv8\tools\compiler\ti-cgt-c2000_18.1.4.LTS\lib\</path>
         <kind>archive</kind>
         <file>rts2800_ml.lib</file>
         <name>prolog28.asm.obj</name>
      </input_file>
      <input_file id="fl-1a">
         <path>F:\CCS_8.0\ccsv8\tools\compiler\ti-cgt-c2000_18.1.4.LTS\lib\</path>
         <kind>archive</kind>
         <file>rts2800_ml.lib</file>
         <name>cpy_tbl.c.obj</name>
      </input_file>
      <input_file id="fl-1b">
         <path>F:\CCS_8.0\ccsv8\tools\compiler\ti-cgt-c2000_18.1.4.LTS\lib\</path>
         <kind>archive</kind>
         <file>rts2800_ml.lib</file>
         <name>memcpy.c.obj</name>
      </input_file>
      <input_file id="fl-1c">
         <path>F:\CCS_8.0\ccsv8\tools\compiler\ti-cgt-c2000_18.1.4.LTS\lib\</path>
         <kind>archive</kind>
         <file>rts2800_ml.lib</file>
         <name>pre_init.c.obj</name>
      </input_file>
      <input_file id="fl-1d">
         <path>F:\CCS_8.0\ccsv8\tools\compiler\ti-cgt-c2000_18.1.4.LTS\lib\</path>
         <kind>archive</kind>
         <file>rts2800_ml.lib</file>
         <name>startup.c.obj</name>
      </input_file>
      <input_file id="fl-1e">
         <path>F:\CCS_8.0\ccsv8\tools\compiler\ti-cgt-c2000_18.1.4.LTS\lib\</path>
         <kind>archive</kind>
         <file>rts2800_ml.lib</file>
         <name>exit.c.obj</name>
      </input_file>
      <input_file id="fl-1f">
         <path>F:\CCS_8.0\ccsv8\tools\compiler\ti-cgt-c2000_18.1.4.LTS\lib\</path>
         <kind>archive</kind>
         <file>rts2800_ml.lib</file>
         <name>_lock.c.obj</name>
      </input_file>
      <input_file id="fl-20">
         <path>F:\CCS_8.0\ccsv8\tools\compiler\ti-cgt-c2000_18.1.4.LTS\lib\</path>
         <kind>archive</kind>
         <file>rts2800_ml.lib</file>
         <name>args_main.c.obj</name>
      </input_file>
      <input_file id="fl-21">
         <path>F:\CCS_8.0\ccsv8\tools\compiler\ti-cgt-c2000_18.1.4.LTS\lib\</path>
         <kind>archive</kind>
         <file>rts2800_ml.lib</file>
         <name>fclose.c.obj</name>
      </input_file>
      <input_file id="fl-22">
         <path>F:\CCS_8.0\ccsv8\tools\compiler\ti-cgt-c2000_18.1.4.LTS\lib\</path>
         <kind>archive</kind>
         <file>rts2800_ml.lib</file>
         <name>fflush.c.obj</name>
      </input_file>
      <input_file id="fl-23">
         <path>F:\CCS_8.0\ccsv8\tools\compiler\ti-cgt-c2000_18.1.4.LTS\lib\</path>
         <kind>archive</kind>
         <file>rts2800_ml.lib</file>
         <name>fopen.c.obj</name>
      </input_file>
      <input_file id="fl-24">
         <path>F:\CCS_8.0\ccsv8\tools\compiler\ti-cgt-c2000_18.1.4.LTS\lib\</path>
         <kind>archive</kind>
         <file>rts2800_ml.lib</file>
         <name>fprintf.c.obj</name>
      </input_file>
      <input_file id="fl-25">
         <path>F:\CCS_8.0\ccsv8\tools\compiler\ti-cgt-c2000_18.1.4.LTS\lib\</path>
         <kind>archive</kind>
         <file>rts2800_ml.lib</file>
         <name>fputc.c.obj</name>
      </input_file>
      <input_file id="fl-26">
         <path>F:\CCS_8.0\ccsv8\tools\compiler\ti-cgt-c2000_18.1.4.LTS\lib\</path>
         <kind>archive</kind>
         <file>rts2800_ml.lib</file>
         <name>fputs.c.obj</name>
      </input_file>
      <input_file id="fl-27">
         <path>F:\CCS_8.0\ccsv8\tools\compiler\ti-cgt-c2000_18.1.4.LTS\lib\</path>
         <kind>archive</kind>
         <file>rts2800_ml.lib</file>
         <name>fscanf.c.obj</name>
      </input_file>
      <input_file id="fl-28">
         <path>F:\CCS_8.0\ccsv8\tools\compiler\ti-cgt-c2000_18.1.4.LTS\lib\</path>
         <kind>archive</kind>
         <file>rts2800_ml.lib</file>
         <name>memchr.c.obj</name>
      </input_file>
      <input_file id="fl-29">
         <path>F:\CCS_8.0\ccsv8\tools\compiler\ti-cgt-c2000_18.1.4.LTS\lib\</path>
         <kind>archive</kind>
         <file>rts2800_ml.lib</file>
         <name>open.c.obj</name>
      </input_file>
      <input_file id="fl-2a">
         <path>F:\CCS_8.0\ccsv8\tools\compiler\ti-cgt-c2000_18.1.4.LTS\lib\</path>
         <kind>archive</kind>
         <file>rts2800_ml.lib</file>
         <name>printf.c.obj</name>
      </input_file>
      <input_file id="fl-2b">
         <path>F:\CCS_8.0\ccsv8\tools\compiler\ti-cgt-c2000_18.1.4.LTS\lib\</path>
         <kind>archive</kind>
         <file>rts2800_ml.lib</file>
         <name>remove.c.obj</name>
      </input_file>
      <input_file id="fl-2c">
         <path>F:\CCS_8.0\ccsv8\tools\compiler\ti-cgt-c2000_18.1.4.LTS\lib\</path>
         <kind>archive</kind>
         <file>rts2800_ml.lib</file>
         <name>strlen.c.obj</name>
      </input_file>
      <input_file id="fl-2d">
         <path>F:\CCS_8.0\ccsv8\tools\compiler\ti-cgt-c2000_18.1.4.LTS\lib\</path>
         <kind>archive</kind>
         <file>rts2800_ml.lib</file>
         <name>ungetc.c.obj</name>
      </input_file>
      <input_file id="fl-2e">
         <path>F:\CCS_8.0\ccsv8\tools\compiler\ti-cgt-c2000_18.1.4.LTS\lib\</path>
         <kind>archive</kind>
         <file>rts2800_ml.lib</file>
         <name>unlink.c.obj</name>
      </input_file>
      <input_file id="fl-2f">
         <path>F:\CCS_8.0\ccsv8\tools\compiler\ti-cgt-c2000_18.1.4.LTS\lib\</path>
         <kind>archive</kind>
         <file>rts2800_ml.lib</file>
         <name>write.c.obj</name>
      </input_file>
      <input_file id="fl-30">
         <path>F:\CCS_8.0\ccsv8\tools\compiler\ti-cgt-c2000_18.1.4.LTS\lib\</path>
         <kind>archive</kind>
         <file>rts2800_ml.lib</file>
         <name>memory.c.obj</name>
      </input_file>
      <input_file id="fl-31">
         <path>F:\CCS_8.0\ccsv8\tools\compiler\ti-cgt-c2000_18.1.4.LTS\lib\</path>
         <kind>archive</kind>
         <file>rts2800_ml.lib</file>
         <name>_io_perm.c.obj</name>
      </input_file>
      <input_file id="fl-32">
         <path>F:\CCS_8.0\ccsv8\tools\compiler\ti-cgt-c2000_18.1.4.LTS\lib\</path>
         <kind>archive</kind>
         <file>rts2800_ml.lib</file>
         <name>_printfi_min.c.obj</name>
      </input_file>
      <input_file id="fl-33">
         <path>F:\CCS_8.0\ccsv8\tools\compiler\ti-cgt-c2000_18.1.4.LTS\lib\</path>
         <kind>archive</kind>
         <file>rts2800_ml.lib</file>
         <name>_scanfi_min.c.obj</name>
      </input_file>
      <input_file id="fl-34">
         <path>F:\CCS_8.0\ccsv8\tools\compiler\ti-cgt-c2000_18.1.4.LTS\lib\</path>
         <kind>archive</kind>
         <file>rts2800_ml.lib</file>
         <name>close.c.obj</name>
      </input_file>
      <input_file id="fl-35">
         <path>F:\CCS_8.0\ccsv8\tools\compiler\ti-cgt-c2000_18.1.4.LTS\lib\</path>
         <kind>archive</kind>
         <file>rts2800_ml.lib</file>
         <name>ctype.c.obj</name>
      </input_file>
      <input_file id="fl-36">
         <path>F:\CCS_8.0\ccsv8\tools\compiler\ti-cgt-c2000_18.1.4.LTS\lib\</path>
         <kind>archive</kind>
         <file>rts2800_ml.lib</file>
         <name>defs.c.obj</name>
      </input_file>
      <input_file id="fl-37">
         <path>F:\CCS_8.0\ccsv8\tools\compiler\ti-cgt-c2000_18.1.4.LTS\lib\</path>
         <kind>archive</kind>
         <file>rts2800_ml.lib</file>
         <name>fgetc.c.obj</name>
      </input_file>
      <input_file id="fl-38">
         <path>F:\CCS_8.0\ccsv8\tools\compiler\ti-cgt-c2000_18.1.4.LTS\lib\</path>
         <kind>archive</kind>
         <file>rts2800_ml.lib</file>
         <name>fseek.c.obj</name>
      </input_file>
      <input_file id="fl-39">
         <path>F:\CCS_8.0\ccsv8\tools\compiler\ti-cgt-c2000_18.1.4.LTS\lib\</path>
         <kind>archive</kind>
         <file>rts2800_ml.lib</file>
         <name>getdevice.c.obj</name>
      </input_file>
      <input_file id="fl-3a">
         <path>F:\CCS_8.0\ccsv8\tools\compiler\ti-cgt-c2000_18.1.4.LTS\lib\</path>
         <kind>archive</kind>
         <file>rts2800_ml.lib</file>
         <name>lseek.c.obj</name>
      </input_file>
      <input_file id="fl-3b">
         <path>F:\CCS_8.0\ccsv8\tools\compiler\ti-cgt-c2000_18.1.4.LTS\lib\</path>
         <kind>archive</kind>
         <file>rts2800_ml.lib</file>
         <name>memccpy.c.obj</name>
      </input_file>
      <input_file id="fl-3c">
         <path>F:\CCS_8.0\ccsv8\tools\compiler\ti-cgt-c2000_18.1.4.LTS\lib\</path>
         <kind>archive</kind>
         <file>rts2800_ml.lib</file>
         <name>memset.c.obj</name>
      </input_file>
      <input_file id="fl-3d">
         <path>F:\CCS_8.0\ccsv8\tools\compiler\ti-cgt-c2000_18.1.4.LTS\lib\</path>
         <kind>archive</kind>
         <file>rts2800_ml.lib</file>
         <name>read.c.obj</name>
      </input_file>
      <input_file id="fl-3e">
         <path>F:\CCS_8.0\ccsv8\tools\compiler\ti-cgt-c2000_18.1.4.LTS\lib\</path>
         <kind>archive</kind>
         <file>rts2800_ml.lib</file>
         <name>setvbuf.c.obj</name>
      </input_file>
      <input_file id="fl-3f">
         <path>F:\CCS_8.0\ccsv8\tools\compiler\ti-cgt-c2000_18.1.4.LTS\lib\</path>
         <kind>archive</kind>
         <file>rts2800_ml.lib</file>
         <name>strchr.c.obj</name>
      </input_file>
      <input_file id="fl-40">
         <path>F:\CCS_8.0\ccsv8\tools\compiler\ti-cgt-c2000_18.1.4.LTS\lib\</path>
         <kind>archive</kind>
         <file>rts2800_ml.lib</file>
         <name>strcmp.c.obj</name>
      </input_file>
      <input_file id="fl-41">
         <path>F:\CCS_8.0\ccsv8\tools\compiler\ti-cgt-c2000_18.1.4.LTS\lib\</path>
         <kind>archive</kind>
         <file>rts2800_ml.lib</file>
         <name>strcpy.c.obj</name>
      </input_file>
      <input_file id="fl-42">
         <path>F:\CCS_8.0\ccsv8\tools\compiler\ti-cgt-c2000_18.1.4.LTS\lib\</path>
         <kind>archive</kind>
         <file>rts2800_ml.lib</file>
         <name>strncpy.c.obj</name>
      </input_file>
      <input_file id="fl-43">
         <path>F:\CCS_8.0\ccsv8\tools\compiler\ti-cgt-c2000_18.1.4.LTS\lib\</path>
         <kind>archive</kind>
         <file>rts2800_ml.lib</file>
         <name>strtol.c.obj</name>
      </input_file>
      <input_file id="fl-44">
         <path>F:\CCS_8.0\ccsv8\tools\compiler\ti-cgt-c2000_18.1.4.LTS\lib\</path>
         <kind>archive</kind>
         <file>rts2800_ml.lib</file>
         <name>strtoul.c.obj</name>
      </input_file>
      <input_file id="fl-45">
         <path>F:\CCS_8.0\ccsv8\tools\compiler\ti-cgt-c2000_18.1.4.LTS\lib\</path>
         <kind>archive</kind>
         <file>rts2800_ml.lib</file>
         <name>hostclose.c.obj</name>
      </input_file>
      <input_file id="fl-46">
         <path>F:\CCS_8.0\ccsv8\tools\compiler\ti-cgt-c2000_18.1.4.LTS\lib\</path>
         <kind>archive</kind>
         <file>rts2800_ml.lib</file>
         <name>hostlseek.c.obj</name>
      </input_file>
      <input_file id="fl-47">
         <path>F:\CCS_8.0\ccsv8\tools\compiler\ti-cgt-c2000_18.1.4.LTS\lib\</path>
         <kind>archive</kind>
         <file>rts2800_ml.lib</file>
         <name>hostopen.c.obj</name>
      </input_file>
      <input_file id="fl-48">
         <path>F:\CCS_8.0\ccsv8\tools\compiler\ti-cgt-c2000_18.1.4.LTS\lib\</path>
         <kind>archive</kind>
         <file>rts2800_ml.lib</file>
         <name>hostread.c.obj</name>
      </input_file>
      <input_file id="fl-49">
         <path>F:\CCS_8.0\ccsv8\tools\compiler\ti-cgt-c2000_18.1.4.LTS\lib\</path>
         <kind>archive</kind>
         <file>rts2800_ml.lib</file>
         <name>hostrename.c.obj</name>
      </input_file>
      <input_file id="fl-4a">
         <path>F:\CCS_8.0\ccsv8\tools\compiler\ti-cgt-c2000_18.1.4.LTS\lib\</path>
         <kind>archive</kind>
         <file>rts2800_ml.lib</file>
         <name>hostunlink.c.obj</name>
      </input_file>
      <input_file id="fl-4b">
         <path>F:\CCS_8.0\ccsv8\tools\compiler\ti-cgt-c2000_18.1.4.LTS\lib\</path>
         <kind>archive</kind>
         <file>rts2800_ml.lib</file>
         <name>hostwrite.c.obj</name>
      </input_file>
      <input_file id="fl-4c">
         <path>F:\CCS_8.0\ccsv8\tools\compiler\ti-cgt-c2000_18.1.4.LTS\lib\</path>
         <kind>archive</kind>
         <file>rts2800_ml.lib</file>
         <name>trgmsg.c.obj</name>
      </input_file>
      <input_file id="fl-4d">
         <path>F:\CCS_8.0\ccsv8\tools\compiler\ti-cgt-c2000_18.1.4.LTS\lib\</path>
         <kind>archive</kind>
         <file>rts2800_ml.lib</file>
         <name>errno.c.obj</name>
      </input_file>
      <input_file id="fl-4e">
         <path>F:\CCS_8.0\ccsv8\tools\compiler\ti-cgt-c2000_18.1.4.LTS\lib\</path>
         <kind>archive</kind>
         <file>rts2800_ml.lib</file>
         <name>_bufread.c.obj</name>
      </input_file>
   </input_file_list>
   <object_component_list>
      <object_component id="oc-1ab">
         <name>.text</name>
         <load_address>0x8000</load_address>
         <run_address>0x8000</run_address>
         <size>0x2e0</size>
         <input_file_ref idref="fl-33"/>
      </object_component>
      <object_component id="oc-1ad">
         <name>.text</name>
         <load_address>0x82e0</load_address>
         <run_address>0x82e0</run_address>
         <size>0x1cf</size>
         <input_file_ref idref="fl-30"/>
      </object_component>
      <object_component id="oc-1a6">
         <name>.text</name>
         <load_address>0x84af</load_address>
         <run_address>0x84af</run_address>
         <size>0x16d</size>
         <input_file_ref idref="fl-32"/>
      </object_component>
      <object_component id="oc-19f">
         <name>.text</name>
         <load_address>0x861c</load_address>
         <run_address>0x861c</run_address>
         <size>0x10c</size>
         <input_file_ref idref="fl-27"/>
      </object_component>
      <object_component id="oc-194">
         <name>.text</name>
         <load_address>0x8728</load_address>
         <run_address>0x8728</run_address>
         <size>0xfe</size>
         <input_file_ref idref="fl-2"/>
      </object_component>
      <object_component id="oc-19e">
         <name>.text</name>
         <load_address>0x8826</load_address>
         <run_address>0x8826</run_address>
         <size>0xf8</size>
         <input_file_ref idref="fl-23"/>
      </object_component>
      <object_component id="oc-1bc">
         <name>.text</name>
         <load_address>0x891e</load_address>
         <run_address>0x891e</run_address>
         <size>0xd5</size>
         <input_file_ref idref="fl-43"/>
      </object_component>
      <object_component id="oc-1bb">
         <name>.text</name>
         <load_address>0x89f3</load_address>
         <run_address>0x89f3</run_address>
         <size>0xb4</size>
         <input_file_ref idref="fl-44"/>
      </object_component>
      <object_component id="oc-1a5">
         <name>.text</name>
         <load_address>0x8aa7</load_address>
         <run_address>0x8aa7</run_address>
         <size>0xa3</size>
         <input_file_ref idref="fl-26"/>
      </object_component>
      <object_component id="oc-198">
         <name>.text</name>
         <load_address>0x8b4a</load_address>
         <run_address>0x8b4a</run_address>
         <size>0x94</size>
         <input_file_ref idref="fl-4c"/>
      </object_component>
      <object_component id="oc-1b5">
         <name>.text</name>
         <load_address>0x8bde</load_address>
         <run_address>0x8bde</run_address>
         <size>0x79</size>
         <input_file_ref idref="fl-3e"/>
      </object_component>
      <object_component id="oc-5b">
         <name>.text</name>
         <load_address>0x8c57</load_address>
         <run_address>0x8c57</run_address>
         <size>0x78</size>
         <input_file_ref idref="fl-15"/>
      </object_component>
      <object_component id="oc-1a7">
         <name>.text</name>
         <load_address>0x8ccf</load_address>
         <run_address>0x8ccf</run_address>
         <size>0x6f</size>
         <input_file_ref idref="fl-29"/>
      </object_component>
      <object_component id="oc-1a1">
         <name>.text</name>
         <load_address>0x8d3e</load_address>
         <run_address>0x8d3e</run_address>
         <size>0x6b</size>
         <input_file_ref idref="fl-22"/>
      </object_component>
      <object_component id="oc-1b0">
         <name>.text</name>
         <load_address>0x8da9</load_address>
         <run_address>0x8da9</run_address>
         <size>0x67</size>
         <input_file_ref idref="fl-31"/>
      </object_component>
      <object_component id="oc-190">
         <name>.text</name>
         <load_address>0x8e10</load_address>
         <run_address>0x8e10</run_address>
         <size>0x5c</size>
         <input_file_ref idref="fl-46"/>
      </object_component>
      <object_component id="oc-1a2">
         <name>.text</name>
         <load_address>0x8e6c</load_address>
         <run_address>0x8e6c</run_address>
         <size>0x5b</size>
         <input_file_ref idref="fl-21"/>
      </object_component>
      <object_component id="oc-60">
         <name>.text</name>
         <load_address>0x8ec7</load_address>
         <run_address>0x8ec7</run_address>
         <size>0x5a</size>
         <input_file_ref idref="fl-16"/>
      </object_component>
      <object_component id="oc-48">
         <name>.text</name>
         <load_address>0x8f21</load_address>
         <run_address>0x8f21</run_address>
         <size>0x54</size>
         <input_file_ref idref="fl-13"/>
      </object_component>
      <object_component id="oc-1b6">
         <name>.text</name>
         <load_address>0x8f75</load_address>
         <run_address>0x8f75</run_address>
         <size>0x53</size>
         <input_file_ref idref="fl-4e"/>
      </object_component>
      <object_component id="oc-1aa">
         <name>.text</name>
         <load_address>0x8fc8</load_address>
         <run_address>0x8fc8</run_address>
         <size>0x50</size>
         <input_file_ref idref="fl-37"/>
      </object_component>
      <object_component id="oc-1b4">
         <name>.text</name>
         <load_address>0x9018</load_address>
         <run_address>0x9018</run_address>
         <size>0x50</size>
         <input_file_ref idref="fl-39"/>
      </object_component>
      <object_component id="oc-1a4">
         <name>.text</name>
         <load_address>0x9068</load_address>
         <run_address>0x9068</run_address>
         <size>0x4f</size>
         <input_file_ref idref="fl-25"/>
      </object_component>
      <object_component id="oc-1a9">
         <name>.text</name>
         <load_address>0x90b7</load_address>
         <run_address>0x90b7</run_address>
         <size>0x4a</size>
         <input_file_ref idref="fl-2d"/>
      </object_component>
      <object_component id="oc-192">
         <name>.text</name>
         <load_address>0x9101</load_address>
         <run_address>0x9101</run_address>
         <size>0x3f</size>
         <input_file_ref idref="fl-49"/>
      </object_component>
      <object_component id="oc-1be">
         <name>.text</name>
         <load_address>0x9140</load_address>
         <run_address>0x9140</run_address>
         <size>0x3d</size>
         <input_file_ref idref="fl-38"/>
      </object_component>
      <object_component id="oc-18c">
         <name>.text</name>
         <load_address>0x917d</load_address>
         <run_address>0x917d</run_address>
         <size>0x39</size>
         <input_file_ref idref="fl-47"/>
      </object_component>
      <object_component id="oc-18e">
         <name>.text</name>
         <load_address>0x91b6</load_address>
         <run_address>0x91b6</run_address>
         <size>0x38</size>
         <input_file_ref idref="fl-48"/>
      </object_component>
      <object_component id="oc-18f">
         <name>.text</name>
         <load_address>0x91ee</load_address>
         <run_address>0x91ee</run_address>
         <size>0x38</size>
         <input_file_ref idref="fl-4b"/>
      </object_component>
      <object_component id="oc-19d">
         <name>.text</name>
         <load_address>0x9226</load_address>
         <run_address>0x9226</run_address>
         <size>0x34</size>
         <input_file_ref idref="fl-2a"/>
      </object_component>
      <object_component id="oc-1ae">
         <name>.text</name>
         <load_address>0x925a</load_address>
         <run_address>0x925a</run_address>
         <size>0x33</size>
         <input_file_ref idref="fl-34"/>
      </object_component>
      <object_component id="oc-1a0">
         <name>.text</name>
         <load_address>0x928d</load_address>
         <run_address>0x928d</run_address>
         <size>0x31</size>
         <input_file_ref idref="fl-24"/>
      </object_component>
      <object_component id="oc-18b">
         <name>.text</name>
         <load_address>0x92be</load_address>
         <run_address>0x92be</run_address>
         <size>0x29</size>
         <input_file_ref idref="fl-1e"/>
      </object_component>
      <object_component id="oc-18d">
         <name>.text</name>
         <load_address>0x92e7</load_address>
         <run_address>0x92e7</run_address>
         <size>0x27</size>
         <input_file_ref idref="fl-45"/>
      </object_component>
      <object_component id="oc-65">
         <name>.text</name>
         <load_address>0x930e</load_address>
         <run_address>0x930e</run_address>
         <size>0x25</size>
         <input_file_ref idref="fl-17"/>
      </object_component>
      <object_component id="oc-191">
         <name>.text</name>
         <load_address>0x9333</load_address>
         <run_address>0x9333</run_address>
         <size>0x25</size>
         <input_file_ref idref="fl-4a"/>
      </object_component>
      <object_component id="oc-188">
         <name>.text</name>
         <load_address>0x9358</load_address>
         <run_address>0x9358</run_address>
         <size>0x24</size>
         <input_file_ref idref="fl-1a"/>
      </object_component>
      <object_component id="oc-1c0">
         <name>.text</name>
         <load_address>0x937c</load_address>
         <run_address>0x937c</run_address>
         <size>0x22</size>
         <input_file_ref idref="fl-42"/>
      </object_component>
      <object_component id="oc-193">
         <name>.text</name>
         <load_address>0x939e</load_address>
         <run_address>0x939e</run_address>
         <size>0x1d</size>
         <input_file_ref idref="fl-1b"/>
      </object_component>
      <object_component id="oc-6a">
         <name>.text</name>
         <load_address>0x93bb</load_address>
         <run_address>0x93bb</run_address>
         <size>0x1a</size>
         <input_file_ref idref="fl-18"/>
      </object_component>
      <object_component id="oc-18a">
         <name>.text</name>
         <load_address>0x93d5</load_address>
         <run_address>0x93d5</run_address>
         <size>0x19</size>
         <input_file_ref idref="fl-20"/>
      </object_component>
      <object_component id="oc-6f">
         <name>.text</name>
         <load_address>0x93ee</load_address>
         <run_address>0x93ee</run_address>
         <size>0x19</size>
         <input_file_ref idref="fl-19"/>
      </object_component>
      <object_component id="oc-1bd">
         <name>.text</name>
         <load_address>0x9407</load_address>
         <run_address>0x9407</run_address>
         <size>0x19</size>
         <input_file_ref idref="fl-2e"/>
      </object_component>
      <object_component id="oc-1c1">
         <name>.text</name>
         <load_address>0x9420</load_address>
         <run_address>0x9420</run_address>
         <size>0x18</size>
         <input_file_ref idref="fl-3a"/>
      </object_component>
      <object_component id="oc-1b7">
         <name>.text</name>
         <load_address>0x9438</load_address>
         <run_address>0x9438</run_address>
         <size>0x18</size>
         <input_file_ref idref="fl-3d"/>
      </object_component>
      <object_component id="oc-1ac">
         <name>.text</name>
         <load_address>0x9450</load_address>
         <run_address>0x9450</run_address>
         <size>0x18</size>
         <input_file_ref idref="fl-2f"/>
      </object_component>
      <object_component id="oc-1b1">
         <name>.text</name>
         <load_address>0x9468</load_address>
         <run_address>0x9468</run_address>
         <size>0x10</size>
         <input_file_ref idref="fl-28"/>
      </object_component>
      <object_component id="oc-1b2">
         <name>.text</name>
         <load_address>0x9478</load_address>
         <run_address>0x9478</run_address>
         <size>0xd</size>
         <input_file_ref idref="fl-3b"/>
      </object_component>
      <object_component id="oc-56">
         <name>.text</name>
         <load_address>0x9485</load_address>
         <run_address>0x9485</run_address>
         <size>0xc</size>
         <input_file_ref idref="fl-14"/>
      </object_component>
      <object_component id="oc-1b3">
         <name>.text</name>
         <load_address>0x9491</load_address>
         <run_address>0x9491</run_address>
         <size>0xc</size>
         <input_file_ref idref="fl-3c"/>
      </object_component>
      <object_component id="oc-1b9">
         <name>.text</name>
         <load_address>0x949d</load_address>
         <run_address>0x949d</run_address>
         <size>0xb</size>
         <input_file_ref idref="fl-3f"/>
      </object_component>
      <object_component id="oc-1bf">
         <name>.text</name>
         <load_address>0x94a8</load_address>
         <run_address>0x94a8</run_address>
         <size>0xa</size>
         <input_file_ref idref="fl-40"/>
      </object_component>
      <object_component id="oc-1a3">
         <name>.text</name>
         <load_address>0x94b2</load_address>
         <run_address>0x94b2</run_address>
         <size>0x9</size>
         <input_file_ref idref="fl-1f"/>
      </object_component>
      <object_component id="oc-197">
         <name>.text</name>
         <load_address>0x94bb</load_address>
         <run_address>0x94bb</run_address>
         <size>0x8</size>
         <input_file_ref idref="fl-2c"/>
      </object_component>
      <object_component id="oc-19b">
         <name>.text</name>
         <load_address>0x94c3</load_address>
         <run_address>0x94c3</run_address>
         <size>0x5</size>
         <input_file_ref idref="fl-41"/>
      </object_component>
      <object_component id="oc-1af">
         <name>.text</name>
         <load_address>0x94c8</load_address>
         <run_address>0x94c8</run_address>
         <size>0x3</size>
         <input_file_ref idref="fl-2b"/>
      </object_component>
      <object_component id="oc-187">
         <name>.text</name>
         <load_address>0x94cb</load_address>
         <run_address>0x94cb</run_address>
         <size>0x2</size>
         <input_file_ref idref="fl-1c"/>
      </object_component>
      <object_component id="oc-189">
         <name>.text</name>
         <load_address>0x94cd</load_address>
         <run_address>0x94cd</run_address>
         <size>0x1</size>
         <input_file_ref idref="fl-1d"/>
      </object_component>
      <object_component id="oc-10b">
         <name>.cinit</name>
         <load_address>0x94ce</load_address>
         <run_address>0x94ce</run_address>
         <size>0x2a</size>
         <input_file_ref idref="fl-36"/>
      </object_component>
      <object_component id="oc-e5">
         <name>.cinit</name>
         <load_address>0x94f8</load_address>
         <run_address>0x94f8</run_address>
         <size>0x29</size>
         <input_file_ref idref="fl-2f"/>
      </object_component>
      <object_component id="oc-89">
         <name>.cinit</name>
         <load_address>0x9521</load_address>
         <run_address>0x9521</run_address>
         <size>0xe</size>
         <input_file_ref idref="fl-1e"/>
      </object_component>
      <object_component id="oc-196">
         <name>.cinit:__lock</name>
         <load_address>0x952f</load_address>
         <run_address>0x952f</run_address>
         <size>0x5</size>
         <input_file_ref idref="fl-1f"/>
      </object_component>
      <object_component id="oc-19a">
         <name>.cinit:__unlock</name>
         <load_address>0x9534</load_address>
         <run_address>0x9534</run_address>
         <size>0x5</size>
         <input_file_ref idref="fl-1f"/>
      </object_component>
      <object_component id="oc-17f">
         <name>.cinit</name>
         <load_address>0x9539</load_address>
         <run_address>0x9539</run_address>
         <size>0x4</size>
         <input_file_ref idref="fl-4d"/>
      </object_component>
      <object_component id="oc-a4">
         <name>.cinit</name>
         <load_address>0x953d</load_address>
         <run_address>0x953d</run_address>
         <size>0x4</size>
         <input_file_ref idref="fl-23"/>
      </object_component>
      <object_component id="oc-ec">
         <name>.cinit</name>
         <load_address>0x9541</load_address>
         <run_address>0x9541</run_address>
         <size>0x4</size>
         <input_file_ref idref="fl-30"/>
      </object_component>
      <object_component id="oc-c5">
         <name>.cinit</name>
         <load_address>0x9545</load_address>
         <run_address>0x9545</run_address>
         <size>0x4</size>
         <input_file_ref idref="fl-29"/>
      </object_component>
      <object_component id="oc-50">
         <name>.stack</name>
         <uninitialized>true</uninitialized>
         <run_address>0xc400</run_address>
         <size>0x0</size>
         <input_file_ref idref="fl-13"/>
      </object_component>
      <object_component id="oc-213">
         <name>.stack</name>
         <uninitialized>true</uninitialized>
         <run_address>0xc400</run_address>
         <size>0x0</size>
      </object_component>
      <object_component id="oc-4a">
         <name>.ebss</name>
         <uninitialized>true</uninitialized>
         <run_address>0xc960</run_address>
         <size>0x1b</size>
         <input_file_ref idref="fl-2"/>
      </object_component>
      <object_component id="oc-8a">
         <name>.ebss</name>
         <uninitialized>true</uninitialized>
         <run_address>0xca18</run_address>
         <size>0x6</size>
         <input_file_ref idref="fl-1e"/>
      </object_component>
      <object_component id="oc-199">
         <name>.ebss:__unlock</name>
         <uninitialized>true</uninitialized>
         <run_address>0xc97e</run_address>
         <size>0x2</size>
         <input_file_ref idref="fl-1f"/>
      </object_component>
      <object_component id="oc-195">
         <name>.ebss:__lock</name>
         <uninitialized>true</uninitialized>
         <run_address>0xc97c</run_address>
         <size>0x2</size>
         <input_file_ref idref="fl-1f"/>
      </object_component>
      <object_component id="oc-a5">
         <name>.ebss</name>
         <uninitialized>true</uninitialized>
         <run_address>0xca1e</run_address>
         <size>0x1</size>
         <input_file_ref idref="fl-23"/>
      </object_component>
      <object_component id="oc-c6">
         <name>.ebss</name>
         <uninitialized>true</uninitialized>
         <run_address>0xca1f</run_address>
         <size>0x1</size>
         <input_file_ref idref="fl-29"/>
      </object_component>
      <object_component id="oc-e6">
         <name>.ebss</name>
         <uninitialized>true</uninitialized>
         <run_address>0xc980</run_address>
         <size>0x88</size>
         <input_file_ref idref="fl-2f"/>
      </object_component>
      <object_component id="oc-ed">
         <name>.ebss</name>
         <uninitialized>true</uninitialized>
         <run_address>0xca10</run_address>
         <size>0x8</size>
         <input_file_ref idref="fl-30"/>
      </object_component>
      <object_component id="oc-10c">
         <name>.ebss</name>
         <uninitialized>true</uninitialized>
         <run_address>0xc800</run_address>
         <size>0x160</size>
         <input_file_ref idref="fl-36"/>
      </object_component>
      <object_component id="oc-15f">
         <name>.ebss</name>
         <uninitialized>true</uninitialized>
         <run_address>0xca08</run_address>
         <size>0x8</size>
         <input_file_ref idref="fl-47"/>
      </object_component>
      <object_component id="oc-180">
         <name>.ebss</name>
         <uninitialized>true</uninitialized>
         <run_address>0xc97b</run_address>
         <size>0x1</size>
         <input_file_ref idref="fl-4d"/>
      </object_component>
      <object_component id="oc-1a8">
         <name>.econst:.string:__ctypes_</name>
         <load_address>0xca20</load_address>
         <run_address>0xca20</run_address>
         <size>0x101</size>
         <input_file_ref idref="fl-35"/>
      </object_component>
      <object_component id="oc-4b">
         <name>.econst:.string</name>
         <load_address>0xcb22</load_address>
         <run_address>0xcb22</run_address>
         <size>0x8e</size>
         <input_file_ref idref="fl-2"/>
      </object_component>
      <object_component id="oc-19c">
         <name>.econst:_filter</name>
         <load_address>0xcbb0</load_address>
         <run_address>0xcbb0</run_address>
         <size>0x36</size>
         <input_file_ref idref="fl-2"/>
      </object_component>
      <object_component id="oc-f9">
         <name>.econst:.string</name>
         <load_address>0xcbe6</load_address>
         <run_address>0xcbe6</run_address>
         <size>0x14</size>
         <input_file_ref idref="fl-32"/>
      </object_component>
      <object_component id="oc-1b8">
         <name>.econst:.string:_flit$1</name>
         <load_address>0xcbfa</load_address>
         <run_address>0xcbfa</run_address>
         <size>0x7</size>
         <input_file_ref idref="fl-33"/>
      </object_component>
      <object_component id="oc-1ba">
         <name>.econst:.string:_barr$2</name>
         <load_address>0xcc01</load_address>
         <run_address>0xcc01</run_address>
         <size>0x6</size>
         <input_file_ref idref="fl-33"/>
      </object_component>
      <object_component id="oc-b5">
         <name>.econst:.string</name>
         <load_address>0xcc08</load_address>
         <run_address>0xcc08</run_address>
         <size>0x2</size>
         <input_file_ref idref="fl-26"/>
      </object_component>
      <object_component id="oc-ee">
         <name>.esysmem</name>
         <uninitialized>true</uninitialized>
         <run_address>0xc000</run_address>
         <size>0x1</size>
         <input_file_ref idref="fl-30"/>
      </object_component>
      <object_component id="oc-214">
         <name>.esysmem</name>
         <uninitialized>true</uninitialized>
         <run_address>0xc000</run_address>
         <size>0x0</size>
      </object_component>
      <object_component id="oc-179">
         <name>.cio</name>
         <uninitialized>true</uninitialized>
         <run_address>0xcc40</run_address>
         <size>0x120</size>
         <input_file_ref idref="fl-4c"/>
      </object_component>
      <object_component id="oc-51">
         <name>.reset</name>
         <load_address>0x3fffc0</load_address>
         <run_address>0x3fffc0</run_address>
         <size>0x2</size>
         <input_file_ref idref="fl-13"/>
      </object_component>
      <object_component id="oc-49">
         <name>.debug_info</name>
         <load_address>0x0</load_address>
         <run_address>0x0</run_address>
         <size>0x809</size>
         <input_file_ref idref="fl-2"/>
      </object_component>
      <object_component id="oc-52">
         <name>.debug_info</name>
         <load_address>0x809</load_address>
         <run_address>0x809</run_address>
         <size>0x176</size>
         <input_file_ref idref="fl-13"/>
      </object_component>
      <object_component id="oc-57">
         <name>.debug_info</name>
         <load_address>0x97f</load_address>
         <run_address>0x97f</run_address>
         <size>0x165</size>
         <input_file_ref idref="fl-14"/>
      </object_component>
      <object_component id="oc-5c">
         <name>.debug_info</name>
         <load_address>0xae4</load_address>
         <run_address>0xae4</run_address>
         <size>0x117</size>
         <input_file_ref idref="fl-15"/>
      </object_component>
      <object_component id="oc-61">
         <name>.debug_info</name>
         <load_address>0xbfb</load_address>
         <run_address>0xbfb</run_address>
         <size>0x117</size>
         <input_file_ref idref="fl-16"/>
      </object_component>
      <object_component id="oc-66">
         <name>.debug_info</name>
         <load_address>0xd12</load_address>
         <run_address>0xd12</run_address>
         <size>0x123</size>
         <input_file_ref idref="fl-17"/>
      </object_component>
      <object_component id="oc-6b">
         <name>.debug_info</name>
         <load_address>0xe35</load_address>
         <run_address>0xe35</run_address>
         <size>0x121</size>
         <input_file_ref idref="fl-18"/>
      </object_component>
      <object_component id="oc-70">
         <name>.debug_info</name>
         <load_address>0xf56</load_address>
         <run_address>0xf56</run_address>
         <size>0x1a5</size>
         <input_file_ref idref="fl-19"/>
      </object_component>
      <object_component id="oc-74">
         <name>.debug_info</name>
         <load_address>0x10fb</load_address>
         <run_address>0x10fb</run_address>
         <size>0x4d8</size>
         <input_file_ref idref="fl-1a"/>
      </object_component>
      <object_component id="oc-79">
         <name>.debug_info</name>
         <load_address>0x15d3</load_address>
         <run_address>0x15d3</run_address>
         <size>0x3d3</size>
         <input_file_ref idref="fl-1b"/>
      </object_component>
      <object_component id="oc-7e">
         <name>.debug_info</name>
         <load_address>0x19a6</load_address>
         <run_address>0x19a6</run_address>
         <size>0x346</size>
         <input_file_ref idref="fl-1c"/>
      </object_component>
      <object_component id="oc-83">
         <name>.debug_info</name>
         <load_address>0x1cec</load_address>
         <run_address>0x1cec</run_address>
         <size>0x343</size>
         <input_file_ref idref="fl-1d"/>
      </object_component>
      <object_component id="oc-88">
         <name>.debug_info</name>
         <load_address>0x202f</load_address>
         <run_address>0x202f</run_address>
         <size>0x4dd</size>
         <input_file_ref idref="fl-1e"/>
      </object_component>
      <object_component id="oc-8f">
         <name>.debug_info</name>
         <load_address>0x250c</load_address>
         <run_address>0x250c</run_address>
         <size>0x465</size>
         <input_file_ref idref="fl-1f"/>
      </object_component>
      <object_component id="oc-94">
         <name>.debug_info</name>
         <load_address>0x2971</load_address>
         <run_address>0x2971</run_address>
         <size>0x400</size>
         <input_file_ref idref="fl-20"/>
      </object_component>
      <object_component id="oc-99">
         <name>.debug_info</name>
         <load_address>0x2d71</load_address>
         <run_address>0x2d71</run_address>
         <size>0x658</size>
         <input_file_ref idref="fl-21"/>
      </object_component>
      <object_component id="oc-9e">
         <name>.debug_info</name>
         <load_address>0x33c9</load_address>
         <run_address>0x33c9</run_address>
         <size>0x5bc</size>
         <input_file_ref idref="fl-22"/>
      </object_component>
      <object_component id="oc-a3">
         <name>.debug_info</name>
         <load_address>0x3985</load_address>
         <run_address>0x3985</run_address>
         <size>0x870</size>
         <input_file_ref idref="fl-23"/>
      </object_component>
      <object_component id="oc-aa">
         <name>.debug_info</name>
         <load_address>0x41f5</load_address>
         <run_address>0x41f5</run_address>
         <size>0x6af</size>
         <input_file_ref idref="fl-24"/>
      </object_component>
      <object_component id="oc-af">
         <name>.debug_info</name>
         <load_address>0x48a4</load_address>
         <run_address>0x48a4</run_address>
         <size>0x5da</size>
         <input_file_ref idref="fl-25"/>
      </object_component>
      <object_component id="oc-b4">
         <name>.debug_info</name>
         <load_address>0x4e7e</load_address>
         <run_address>0x4e7e</run_address>
         <size>0x790</size>
         <input_file_ref idref="fl-26"/>
      </object_component>
      <object_component id="oc-ba">
         <name>.debug_info</name>
         <load_address>0x560e</load_address>
         <run_address>0x560e</run_address>
         <size>0xb01</size>
         <input_file_ref idref="fl-27"/>
      </object_component>
      <object_component id="oc-bf">
         <name>.debug_info</name>
         <load_address>0x610f</load_address>
         <run_address>0x610f</run_address>
         <size>0x475</size>
         <input_file_ref idref="fl-28"/>
      </object_component>
      <object_component id="oc-c4">
         <name>.debug_info</name>
         <load_address>0x6584</load_address>
         <run_address>0x6584</run_address>
         <size>0x6ea</size>
         <input_file_ref idref="fl-29"/>
      </object_component>
      <object_component id="oc-cb">
         <name>.debug_info</name>
         <load_address>0x6c6e</load_address>
         <run_address>0x6c6e</run_address>
         <size>0x69d</size>
         <input_file_ref idref="fl-2a"/>
      </object_component>
      <object_component id="oc-d0">
         <name>.debug_info</name>
         <load_address>0x730b</load_address>
         <run_address>0x730b</run_address>
         <size>0x37e</size>
         <input_file_ref idref="fl-2b"/>
      </object_component>
      <object_component id="oc-d5">
         <name>.debug_info</name>
         <load_address>0x7689</load_address>
         <run_address>0x7689</run_address>
         <size>0x449</size>
         <input_file_ref idref="fl-2c"/>
      </object_component>
      <object_component id="oc-da">
         <name>.debug_info</name>
         <load_address>0x7ad2</load_address>
         <run_address>0x7ad2</run_address>
         <size>0x4f7</size>
         <input_file_ref idref="fl-2d"/>
      </object_component>
      <object_component id="oc-df">
         <name>.debug_info</name>
         <load_address>0x7fc9</load_address>
         <run_address>0x7fc9</run_address>
         <size>0x5d3</size>
         <input_file_ref idref="fl-2e"/>
      </object_component>
      <object_component id="oc-e4">
         <name>.debug_info</name>
         <load_address>0x859c</load_address>
         <run_address>0x859c</run_address>
         <size>0x744</size>
         <input_file_ref idref="fl-2f"/>
      </object_component>
      <object_component id="oc-eb">
         <name>.debug_info</name>
         <load_address>0x8ce0</load_address>
         <run_address>0x8ce0</run_address>
         <size>0xa71</size>
         <input_file_ref idref="fl-30"/>
      </object_component>
      <object_component id="oc-f3">
         <name>.debug_info</name>
         <load_address>0x9751</load_address>
         <run_address>0x9751</run_address>
         <size>0x559</size>
         <input_file_ref idref="fl-31"/>
      </object_component>
      <object_component id="oc-f8">
         <name>.debug_info</name>
         <load_address>0x9caa</load_address>
         <run_address>0x9caa</run_address>
         <size>0xc3c</size>
         <input_file_ref idref="fl-32"/>
      </object_component>
      <object_component id="oc-fe">
         <name>.debug_info</name>
         <load_address>0xa8e6</load_address>
         <run_address>0xa8e6</run_address>
         <size>0xe91</size>
         <input_file_ref idref="fl-33"/>
      </object_component>
      <object_component id="oc-103">
         <name>.debug_info</name>
         <load_address>0xb777</load_address>
         <run_address>0xb777</run_address>
         <size>0x5f6</size>
         <input_file_ref idref="fl-34"/>
      </object_component>
      <object_component id="oc-108">
         <name>.debug_info</name>
         <load_address>0xbd6d</load_address>
         <run_address>0xbd6d</run_address>
         <size>0x1e7</size>
         <input_file_ref idref="fl-35"/>
      </object_component>
      <object_component id="oc-10a">
         <name>.debug_info</name>
         <load_address>0xbf54</load_address>
         <run_address>0xbf54</run_address>
         <size>0x2e2</size>
         <input_file_ref idref="fl-36"/>
      </object_component>
      <object_component id="oc-10e">
         <name>.debug_info</name>
         <load_address>0xc236</load_address>
         <run_address>0xc236</run_address>
         <size>0x5ad</size>
         <input_file_ref idref="fl-37"/>
      </object_component>
      <object_component id="oc-113">
         <name>.debug_info</name>
         <load_address>0xc7e3</load_address>
         <run_address>0xc7e3</run_address>
         <size>0x52f</size>
         <input_file_ref idref="fl-38"/>
      </object_component>
      <object_component id="oc-118">
         <name>.debug_info</name>
         <load_address>0xcd12</load_address>
         <run_address>0xcd12</run_address>
         <size>0x728</size>
         <input_file_ref idref="fl-39"/>
      </object_component>
      <object_component id="oc-11d">
         <name>.debug_info</name>
         <load_address>0xd43a</load_address>
         <run_address>0xd43a</run_address>
         <size>0x5e9</size>
         <input_file_ref idref="fl-3a"/>
      </object_component>
      <object_component id="oc-122">
         <name>.debug_info</name>
         <load_address>0xda23</load_address>
         <run_address>0xda23</run_address>
         <size>0x3d1</size>
         <input_file_ref idref="fl-3b"/>
      </object_component>
      <object_component id="oc-127">
         <name>.debug_info</name>
         <load_address>0xddf4</load_address>
         <run_address>0xddf4</run_address>
         <size>0x4a1</size>
         <input_file_ref idref="fl-3c"/>
      </object_component>
      <object_component id="oc-12c">
         <name>.debug_info</name>
         <load_address>0xe295</load_address>
         <run_address>0xe295</run_address>
         <size>0x5d8</size>
         <input_file_ref idref="fl-3d"/>
      </object_component>
      <object_component id="oc-131">
         <name>.debug_info</name>
         <load_address>0xe86d</load_address>
         <run_address>0xe86d</run_address>
         <size>0x5a2</size>
         <input_file_ref idref="fl-3e"/>
      </object_component>
      <object_component id="oc-136">
         <name>.debug_info</name>
         <load_address>0xee0f</load_address>
         <run_address>0xee0f</run_address>
         <size>0x490</size>
         <input_file_ref idref="fl-3f"/>
      </object_component>
      <object_component id="oc-13b">
         <name>.debug_info</name>
         <load_address>0xf29f</load_address>
         <run_address>0xf29f</run_address>
         <size>0x480</size>
         <input_file_ref idref="fl-40"/>
      </object_component>
      <object_component id="oc-140">
         <name>.debug_info</name>
         <load_address>0xf71f</load_address>
         <run_address>0xf71f</run_address>
         <size>0x483</size>
         <input_file_ref idref="fl-41"/>
      </object_component>
      <object_component id="oc-145">
         <name>.debug_info</name>
         <load_address>0xfba2</load_address>
         <run_address>0xfba2</run_address>
         <size>0x4ac</size>
         <input_file_ref idref="fl-42"/>
      </object_component>
      <object_component id="oc-14a">
         <name>.debug_info</name>
         <load_address>0x1004e</load_address>
         <run_address>0x1004e</run_address>
         <size>0x50e</size>
         <input_file_ref idref="fl-43"/>
      </object_component>
      <object_component id="oc-14f">
         <name>.debug_info</name>
         <load_address>0x1055c</load_address>
         <run_address>0x1055c</run_address>
         <size>0x4a8</size>
         <input_file_ref idref="fl-44"/>
      </object_component>
      <object_component id="oc-154">
         <name>.debug_info</name>
         <load_address>0x10a04</load_address>
         <run_address>0x10a04</run_address>
         <size>0x4c7</size>
         <input_file_ref idref="fl-45"/>
      </object_component>
      <object_component id="oc-159">
         <name>.debug_info</name>
         <load_address>0x10ecb</load_address>
         <run_address>0x10ecb</run_address>
         <size>0x536</size>
         <input_file_ref idref="fl-46"/>
      </object_component>
      <object_component id="oc-15e">
         <name>.debug_info</name>
         <load_address>0x11401</load_address>
         <run_address>0x11401</run_address>
         <size>0x563</size>
         <input_file_ref idref="fl-47"/>
      </object_component>
      <object_component id="oc-164">
         <name>.debug_info</name>
         <load_address>0x11964</load_address>
         <run_address>0x11964</run_address>
         <size>0x515</size>
         <input_file_ref idref="fl-48"/>
      </object_component>
      <object_component id="oc-169">
         <name>.debug_info</name>
         <load_address>0x11e79</load_address>
         <run_address>0x11e79</run_address>
         <size>0x5bf</size>
         <input_file_ref idref="fl-49"/>
      </object_component>
      <object_component id="oc-16e">
         <name>.debug_info</name>
         <load_address>0x12438</load_address>
         <run_address>0x12438</run_address>
         <size>0x4ff</size>
         <input_file_ref idref="fl-4a"/>
      </object_component>
      <object_component id="oc-173">
         <name>.debug_info</name>
         <load_address>0x12937</load_address>
         <run_address>0x12937</run_address>
         <size>0x51a</size>
         <input_file_ref idref="fl-4b"/>
      </object_component>
      <object_component id="oc-178">
         <name>.debug_info</name>
         <load_address>0x12e51</load_address>
         <run_address>0x12e51</run_address>
         <size>0x529</size>
         <input_file_ref idref="fl-4c"/>
      </object_component>
      <object_component id="oc-17e">
         <name>.debug_info</name>
         <load_address>0x1337a</load_address>
         <run_address>0x1337a</run_address>
         <size>0x1c6</size>
         <input_file_ref idref="fl-4d"/>
      </object_component>
      <object_component id="oc-182">
         <name>.debug_info</name>
         <load_address>0x13540</load_address>
         <run_address>0x13540</run_address>
         <size>0x55f</size>
         <input_file_ref idref="fl-4e"/>
      </object_component>
      <object_component id="oc-215">
         <name>.debug_info</name>
         <load_address>0x13a9f</load_address>
         <run_address>0x13a9f</run_address>
         <size>0x91</size>
      </object_component>
      <object_component id="oc-4c">
         <name>.debug_frame</name>
         <load_address>0x0</load_address>
         <run_address>0x0</run_address>
         <size>0x70</size>
         <input_file_ref idref="fl-2"/>
      </object_component>
      <object_component id="oc-75">
         <name>.debug_frame</name>
         <load_address>0x70</load_address>
         <run_address>0x70</run_address>
         <size>0x58</size>
         <input_file_ref idref="fl-1a"/>
      </object_component>
      <object_component id="oc-7a">
         <name>.debug_frame</name>
         <load_address>0xc8</load_address>
         <run_address>0xc8</run_address>
         <size>0x38</size>
         <input_file_ref idref="fl-1b"/>
      </object_component>
      <object_component id="oc-7f">
         <name>.debug_frame</name>
         <load_address>0x100</load_address>
         <run_address>0x100</run_address>
         <size>0x38</size>
         <input_file_ref idref="fl-1c"/>
      </object_component>
      <object_component id="oc-84">
         <name>.debug_frame</name>
         <load_address>0x138</load_address>
         <run_address>0x138</run_address>
         <size>0x38</size>
         <input_file_ref idref="fl-1d"/>
      </object_component>
      <object_component id="oc-8b">
         <name>.debug_frame</name>
         <load_address>0x170</load_address>
         <run_address>0x170</run_address>
         <size>0x58</size>
         <input_file_ref idref="fl-1e"/>
      </object_component>
      <object_component id="oc-90">
         <name>.debug_frame</name>
         <load_address>0x1c8</load_address>
         <run_address>0x1c8</run_address>
         <size>0x68</size>
         <input_file_ref idref="fl-1f"/>
      </object_component>
      <object_component id="oc-95">
         <name>.debug_frame</name>
         <load_address>0x230</load_address>
         <run_address>0x230</run_address>
         <size>0x38</size>
         <input_file_ref idref="fl-20"/>
      </object_component>
      <object_component id="oc-9a">
         <name>.debug_frame</name>
         <load_address>0x268</load_address>
         <run_address>0x268</run_address>
         <size>0x78</size>
         <input_file_ref idref="fl-21"/>
      </object_component>
      <object_component id="oc-9f">
         <name>.debug_frame</name>
         <load_address>0x2e0</load_address>
         <run_address>0x2e0</run_address>
         <size>0x70</size>
         <input_file_ref idref="fl-22"/>
      </object_component>
      <object_component id="oc-a6">
         <name>.debug_frame</name>
         <load_address>0x350</load_address>
         <run_address>0x350</run_address>
         <size>0xd0</size>
         <input_file_ref idref="fl-23"/>
      </object_component>
      <object_component id="oc-ab">
         <name>.debug_frame</name>
         <load_address>0x420</load_address>
         <run_address>0x420</run_address>
         <size>0x74</size>
         <input_file_ref idref="fl-24"/>
      </object_component>
      <object_component id="oc-b0">
         <name>.debug_frame</name>
         <load_address>0x494</load_address>
         <run_address>0x494</run_address>
         <size>0x68</size>
         <input_file_ref idref="fl-25"/>
      </object_component>
      <object_component id="oc-b6">
         <name>.debug_frame</name>
         <load_address>0x4fc</load_address>
         <run_address>0x4fc</run_address>
         <size>0x80</size>
         <input_file_ref idref="fl-26"/>
      </object_component>
      <object_component id="oc-bb">
         <name>.debug_frame</name>
         <load_address>0x57c</load_address>
         <run_address>0x57c</run_address>
         <size>0x138</size>
         <input_file_ref idref="fl-27"/>
      </object_component>
      <object_component id="oc-c0">
         <name>.debug_frame</name>
         <load_address>0x6b4</load_address>
         <run_address>0x6b4</run_address>
         <size>0x38</size>
         <input_file_ref idref="fl-28"/>
      </object_component>
      <object_component id="oc-c7">
         <name>.debug_frame</name>
         <load_address>0x6ec</load_address>
         <run_address>0x6ec</run_address>
         <size>0x58</size>
         <input_file_ref idref="fl-29"/>
      </object_component>
      <object_component id="oc-cc">
         <name>.debug_frame</name>
         <load_address>0x744</load_address>
         <run_address>0x744</run_address>
         <size>0x74</size>
         <input_file_ref idref="fl-2a"/>
      </object_component>
      <object_component id="oc-d1">
         <name>.debug_frame</name>
         <load_address>0x7b8</load_address>
         <run_address>0x7b8</run_address>
         <size>0x38</size>
         <input_file_ref idref="fl-2b"/>
      </object_component>
      <object_component id="oc-d6">
         <name>.debug_frame</name>
         <load_address>0x7f0</load_address>
         <run_address>0x7f0</run_address>
         <size>0x38</size>
         <input_file_ref idref="fl-2c"/>
      </object_component>
      <object_component id="oc-db">
         <name>.debug_frame</name>
         <load_address>0x828</load_address>
         <run_address>0x828</run_address>
         <size>0x58</size>
         <input_file_ref idref="fl-2d"/>
      </object_component>
      <object_component id="oc-e0">
         <name>.debug_frame</name>
         <load_address>0x880</load_address>
         <run_address>0x880</run_address>
         <size>0x44</size>
         <input_file_ref idref="fl-2e"/>
      </object_component>
      <object_component id="oc-e7">
         <name>.debug_frame</name>
         <load_address>0x8c4</load_address>
         <run_address>0x8c4</run_address>
         <size>0x3c</size>
         <input_file_ref idref="fl-2f"/>
      </object_component>
      <object_component id="oc-ef">
         <name>.debug_frame</name>
         <load_address>0x900</load_address>
         <run_address>0x900</run_address>
         <size>0x130</size>
         <input_file_ref idref="fl-30"/>
      </object_component>
      <object_component id="oc-f4">
         <name>.debug_frame</name>
         <load_address>0xa30</load_address>
         <run_address>0xa30</run_address>
         <size>0x60</size>
         <input_file_ref idref="fl-31"/>
      </object_component>
      <object_component id="oc-fa">
         <name>.debug_frame</name>
         <load_address>0xa90</load_address>
         <run_address>0xa90</run_address>
         <size>0xe8</size>
         <input_file_ref idref="fl-32"/>
      </object_component>
      <object_component id="oc-ff">
         <name>.debug_frame</name>
         <load_address>0xb78</load_address>
         <run_address>0xb78</run_address>
         <size>0xcc</size>
         <input_file_ref idref="fl-33"/>
      </object_component>
      <object_component id="oc-104">
         <name>.debug_frame</name>
         <load_address>0xc44</load_address>
         <run_address>0xc44</run_address>
         <size>0x48</size>
         <input_file_ref idref="fl-34"/>
      </object_component>
      <object_component id="oc-10f">
         <name>.debug_frame</name>
         <load_address>0xc8c</load_address>
         <run_address>0xc8c</run_address>
         <size>0x68</size>
         <input_file_ref idref="fl-37"/>
      </object_component>
      <object_component id="oc-114">
         <name>.debug_frame</name>
         <load_address>0xcf4</load_address>
         <run_address>0xcf4</run_address>
         <size>0x50</size>
         <input_file_ref idref="fl-38"/>
      </object_component>
      <object_component id="oc-119">
         <name>.debug_frame</name>
         <load_address>0xd44</load_address>
         <run_address>0xd44</run_address>
         <size>0x88</size>
         <input_file_ref idref="fl-39"/>
      </object_component>
      <object_component id="oc-11e">
         <name>.debug_frame</name>
         <load_address>0xdcc</load_address>
         <run_address>0xdcc</run_address>
         <size>0x3c</size>
         <input_file_ref idref="fl-3a"/>
      </object_component>
      <object_component id="oc-123">
         <name>.debug_frame</name>
         <load_address>0xe08</load_address>
         <run_address>0xe08</run_address>
         <size>0x38</size>
         <input_file_ref idref="fl-3b"/>
      </object_component>
      <object_component id="oc-128">
         <name>.debug_frame</name>
         <load_address>0xe40</load_address>
         <run_address>0xe40</run_address>
         <size>0x38</size>
         <input_file_ref idref="fl-3c"/>
      </object_component>
      <object_component id="oc-12d">
         <name>.debug_frame</name>
         <load_address>0xe78</load_address>
         <run_address>0xe78</run_address>
         <size>0x3c</size>
         <input_file_ref idref="fl-3d"/>
      </object_component>
      <object_component id="oc-132">
         <name>.debug_frame</name>
         <load_address>0xeb4</load_address>
         <run_address>0xeb4</run_address>
         <size>0x58</size>
         <input_file_ref idref="fl-3e"/>
      </object_component>
      <object_component id="oc-137">
         <name>.debug_frame</name>
         <load_address>0xf0c</load_address>
         <run_address>0xf0c</run_address>
         <size>0x3c</size>
         <input_file_ref idref="fl-3f"/>
      </object_component>
      <object_component id="oc-13c">
         <name>.debug_frame</name>
         <load_address>0xf48</load_address>
         <run_address>0xf48</run_address>
         <size>0x38</size>
         <input_file_ref idref="fl-40"/>
      </object_component>
      <object_component id="oc-141">
         <name>.debug_frame</name>
         <load_address>0xf80</load_address>
         <run_address>0xf80</run_address>
         <size>0x38</size>
         <input_file_ref idref="fl-41"/>
      </object_component>
      <object_component id="oc-146">
         <name>.debug_frame</name>
         <load_address>0xfb8</load_address>
         <run_address>0xfb8</run_address>
         <size>0x38</size>
         <input_file_ref idref="fl-42"/>
      </object_component>
      <object_component id="oc-14b">
         <name>.debug_frame</name>
         <load_address>0xff0</load_address>
         <run_address>0xff0</run_address>
         <size>0x58</size>
         <input_file_ref idref="fl-43"/>
      </object_component>
      <object_component id="oc-150">
         <name>.debug_frame</name>
         <load_address>0x1048</load_address>
         <run_address>0x1048</run_address>
         <size>0x58</size>
         <input_file_ref idref="fl-44"/>
      </object_component>
      <object_component id="oc-155">
         <name>.debug_frame</name>
         <load_address>0x10a0</load_address>
         <run_address>0x10a0</run_address>
         <size>0x48</size>
         <input_file_ref idref="fl-45"/>
      </object_component>
      <object_component id="oc-15a">
         <name>.debug_frame</name>
         <load_address>0x10e8</load_address>
         <run_address>0x10e8</run_address>
         <size>0x58</size>
         <input_file_ref idref="fl-46"/>
      </object_component>
      <object_component id="oc-160">
         <name>.debug_frame</name>
         <load_address>0x1140</load_address>
         <run_address>0x1140</run_address>
         <size>0x58</size>
         <input_file_ref idref="fl-47"/>
      </object_component>
      <object_component id="oc-165">
         <name>.debug_frame</name>
         <load_address>0x1198</load_address>
         <run_address>0x1198</run_address>
         <size>0x58</size>
         <input_file_ref idref="fl-48"/>
      </object_component>
      <object_component id="oc-16a">
         <name>.debug_frame</name>
         <load_address>0x11f0</load_address>
         <run_address>0x11f0</run_address>
         <size>0x50</size>
         <input_file_ref idref="fl-49"/>
      </object_component>
      <object_component id="oc-16f">
         <name>.debug_frame</name>
         <load_address>0x1240</load_address>
         <run_address>0x1240</run_address>
         <size>0x48</size>
         <input_file_ref idref="fl-4a"/>
      </object_component>
      <object_component id="oc-174">
         <name>.debug_frame</name>
         <load_address>0x1288</load_address>
         <run_address>0x1288</run_address>
         <size>0x58</size>
         <input_file_ref idref="fl-4b"/>
      </object_component>
      <object_component id="oc-17a">
         <name>.debug_frame</name>
         <load_address>0x12e0</load_address>
         <run_address>0x12e0</run_address>
         <size>0x70</size>
         <input_file_ref idref="fl-4c"/>
      </object_component>
      <object_component id="oc-183">
         <name>.debug_frame</name>
         <load_address>0x1350</load_address>
         <run_address>0x1350</run_address>
         <size>0x58</size>
         <input_file_ref idref="fl-4e"/>
      </object_component>
      <object_component id="oc-4d">
         <name>.debug_line</name>
         <load_address>0x0</load_address>
         <run_address>0x0</run_address>
         <size>0xcf</size>
         <input_file_ref idref="fl-2"/>
      </object_component>
      <object_component id="oc-53">
         <name>.debug_line</name>
         <load_address>0xcf</load_address>
         <run_address>0xcf</run_address>
         <size>0x7d</size>
         <input_file_ref idref="fl-13"/>
      </object_component>
      <object_component id="oc-58">
         <name>.debug_line</name>
         <load_address>0x14c</load_address>
         <run_address>0x14c</run_address>
         <size>0x52</size>
         <input_file_ref idref="fl-14"/>
      </object_component>
      <object_component id="oc-5d">
         <name>.debug_line</name>
         <load_address>0x19e</load_address>
         <run_address>0x19e</run_address>
         <size>0xa9</size>
         <input_file_ref idref="fl-15"/>
      </object_component>
      <object_component id="oc-62">
         <name>.debug_line</name>
         <load_address>0x247</load_address>
         <run_address>0x247</run_address>
         <size>0x8d</size>
         <input_file_ref idref="fl-16"/>
      </object_component>
      <object_component id="oc-67">
         <name>.debug_line</name>
         <load_address>0x2d4</load_address>
         <run_address>0x2d4</run_address>
         <size>0x5e</size>
         <input_file_ref idref="fl-17"/>
      </object_component>
      <object_component id="oc-6c">
         <name>.debug_line</name>
         <load_address>0x332</load_address>
         <run_address>0x332</run_address>
         <size>0x52</size>
         <input_file_ref idref="fl-18"/>
      </object_component>
      <object_component id="oc-71">
         <name>.debug_line</name>
         <load_address>0x384</load_address>
         <run_address>0x384</run_address>
         <size>0x6d</size>
         <input_file_ref idref="fl-19"/>
      </object_component>
      <object_component id="oc-76">
         <name>.debug_line</name>
         <load_address>0x3f1</load_address>
         <run_address>0x3f1</run_address>
         <size>0x50</size>
         <input_file_ref idref="fl-1a"/>
      </object_component>
      <object_component id="oc-7b">
         <name>.debug_line</name>
         <load_address>0x441</load_address>
         <run_address>0x441</run_address>
         <size>0x62</size>
         <input_file_ref idref="fl-1b"/>
      </object_component>
      <object_component id="oc-80">
         <name>.debug_line</name>
         <load_address>0x4a3</load_address>
         <run_address>0x4a3</run_address>
         <size>0x3e</size>
         <input_file_ref idref="fl-1c"/>
      </object_component>
      <object_component id="oc-85">
         <name>.debug_line</name>
         <load_address>0x4e1</load_address>
         <run_address>0x4e1</run_address>
         <size>0x3a</size>
         <input_file_ref idref="fl-1d"/>
      </object_component>
      <object_component id="oc-8c">
         <name>.debug_line</name>
         <load_address>0x51b</load_address>
         <run_address>0x51b</run_address>
         <size>0x65</size>
         <input_file_ref idref="fl-1e"/>
      </object_component>
      <object_component id="oc-91">
         <name>.debug_line</name>
         <load_address>0x580</load_address>
         <run_address>0x580</run_address>
         <size>0x5e</size>
         <input_file_ref idref="fl-1f"/>
      </object_component>
      <object_component id="oc-96">
         <name>.debug_line</name>
         <load_address>0x5de</load_address>
         <run_address>0x5de</run_address>
         <size>0x55</size>
         <input_file_ref idref="fl-20"/>
      </object_component>
      <object_component id="oc-9b">
         <name>.debug_line</name>
         <load_address>0x633</load_address>
         <run_address>0x633</run_address>
         <size>0x90</size>
         <input_file_ref idref="fl-21"/>
      </object_component>
      <object_component id="oc-a0">
         <name>.debug_line</name>
         <load_address>0x6c3</load_address>
         <run_address>0x6c3</run_address>
         <size>0xa6</size>
         <input_file_ref idref="fl-22"/>
      </object_component>
      <object_component id="oc-a7">
         <name>.debug_line</name>
         <load_address>0x769</load_address>
         <run_address>0x769</run_address>
         <size>0x137</size>
         <input_file_ref idref="fl-23"/>
      </object_component>
      <object_component id="oc-ac">
         <name>.debug_line</name>
         <load_address>0x8a0</load_address>
         <run_address>0x8a0</run_address>
         <size>0x88</size>
         <input_file_ref idref="fl-24"/>
      </object_component>
      <object_component id="oc-b1">
         <name>.debug_line</name>
         <load_address>0x928</load_address>
         <run_address>0x928</run_address>
         <size>0x7a</size>
         <input_file_ref idref="fl-25"/>
      </object_component>
      <object_component id="oc-b7">
         <name>.debug_line</name>
         <load_address>0x9a2</load_address>
         <run_address>0x9a2</run_address>
         <size>0xc9</size>
         <input_file_ref idref="fl-26"/>
      </object_component>
      <object_component id="oc-bc">
         <name>.debug_line</name>
         <load_address>0xa6b</load_address>
         <run_address>0xa6b</run_address>
         <size>0x12c</size>
         <input_file_ref idref="fl-27"/>
      </object_component>
      <object_component id="oc-c1">
         <name>.debug_line</name>
         <load_address>0xb97</load_address>
         <run_address>0xb97</run_address>
         <size>0xb7</size>
         <input_file_ref idref="fl-28"/>
      </object_component>
      <object_component id="oc-c8">
         <name>.debug_line</name>
         <load_address>0xc4e</load_address>
         <run_address>0xc4e</run_address>
         <size>0x92</size>
         <input_file_ref idref="fl-29"/>
      </object_component>
      <object_component id="oc-cd">
         <name>.debug_line</name>
         <load_address>0xce0</load_address>
         <run_address>0xce0</run_address>
         <size>0x82</size>
         <input_file_ref idref="fl-2a"/>
      </object_component>
      <object_component id="oc-d2">
         <name>.debug_line</name>
         <load_address>0xd62</load_address>
         <run_address>0xd62</run_address>
         <size>0x3c</size>
         <input_file_ref idref="fl-2b"/>
      </object_component>
      <object_component id="oc-d7">
         <name>.debug_line</name>
         <load_address>0xd9e</load_address>
         <run_address>0xd9e</run_address>
         <size>0xb1</size>
         <input_file_ref idref="fl-2c"/>
      </object_component>
      <object_component id="oc-dc">
         <name>.debug_line</name>
         <load_address>0xe4f</load_address>
         <run_address>0xe4f</run_address>
         <size>0x69</size>
         <input_file_ref idref="fl-2d"/>
      </object_component>
      <object_component id="oc-e1">
         <name>.debug_line</name>
         <load_address>0xeb8</load_address>
         <run_address>0xeb8</run_address>
         <size>0x48</size>
         <input_file_ref idref="fl-2e"/>
      </object_component>
      <object_component id="oc-e8">
         <name>.debug_line</name>
         <load_address>0xf00</load_address>
         <run_address>0xf00</run_address>
         <size>0x49</size>
         <input_file_ref idref="fl-2f"/>
      </object_component>
      <object_component id="oc-f0">
         <name>.debug_line</name>
         <load_address>0xf49</load_address>
         <run_address>0xf49</run_address>
         <size>0x2b7</size>
         <input_file_ref idref="fl-30"/>
      </object_component>
      <object_component id="oc-f5">
         <name>.debug_line</name>
         <load_address>0x1200</load_address>
         <run_address>0x1200</run_address>
         <size>0x99</size>
         <input_file_ref idref="fl-31"/>
      </object_component>
      <object_component id="oc-fb">
         <name>.debug_line</name>
         <load_address>0x1299</load_address>
         <run_address>0x1299</run_address>
         <size>0x236</size>
         <input_file_ref idref="fl-32"/>
      </object_component>
      <object_component id="oc-100">
         <name>.debug_line</name>
         <load_address>0x14cf</load_address>
         <run_address>0x14cf</run_address>
         <size>0x253</size>
         <input_file_ref idref="fl-33"/>
      </object_component>
      <object_component id="oc-105">
         <name>.debug_line</name>
         <load_address>0x1722</load_address>
         <run_address>0x1722</run_address>
         <size>0x5c</size>
         <input_file_ref idref="fl-34"/>
      </object_component>
      <object_component id="oc-110">
         <name>.debug_line</name>
         <load_address>0x177e</load_address>
         <run_address>0x177e</run_address>
         <size>0x94</size>
         <input_file_ref idref="fl-37"/>
      </object_component>
      <object_component id="oc-115">
         <name>.debug_line</name>
         <load_address>0x1812</load_address>
         <run_address>0x1812</run_address>
         <size>0x57</size>
         <input_file_ref idref="fl-38"/>
      </object_component>
      <object_component id="oc-11a">
         <name>.debug_line</name>
         <load_address>0x1869</load_address>
         <run_address>0x1869</run_address>
         <size>0x8d</size>
         <input_file_ref idref="fl-39"/>
      </object_component>
      <object_component id="oc-11f">
         <name>.debug_line</name>
         <load_address>0x18f6</load_address>
         <run_address>0x18f6</run_address>
         <size>0x42</size>
         <input_file_ref idref="fl-3a"/>
      </object_component>
      <object_component id="oc-124">
         <name>.debug_line</name>
         <load_address>0x1938</load_address>
         <run_address>0x1938</run_address>
         <size>0x48</size>
         <input_file_ref idref="fl-3b"/>
      </object_component>
      <object_component id="oc-129">
         <name>.debug_line</name>
         <load_address>0x1980</load_address>
         <run_address>0x1980</run_address>
         <size>0xb4</size>
         <input_file_ref idref="fl-3c"/>
      </object_component>
      <object_component id="oc-12e">
         <name>.debug_line</name>
         <load_address>0x1a34</load_address>
         <run_address>0x1a34</run_address>
         <size>0x47</size>
         <input_file_ref idref="fl-3d"/>
      </object_component>
      <object_component id="oc-133">
         <name>.debug_line</name>
         <load_address>0x1a7b</load_address>
         <run_address>0x1a7b</run_address>
         <size>0x98</size>
         <input_file_ref idref="fl-3e"/>
      </object_component>
      <object_component id="oc-138">
         <name>.debug_line</name>
         <load_address>0x1b13</load_address>
         <run_address>0x1b13</run_address>
         <size>0xb2</size>
         <input_file_ref idref="fl-3f"/>
      </object_component>
      <object_component id="oc-13d">
         <name>.debug_line</name>
         <load_address>0x1bc5</load_address>
         <run_address>0x1bc5</run_address>
         <size>0xb2</size>
         <input_file_ref idref="fl-40"/>
      </object_component>
      <object_component id="oc-142">
         <name>.debug_line</name>
         <load_address>0x1c77</load_address>
         <run_address>0x1c77</run_address>
         <size>0xab</size>
         <input_file_ref idref="fl-41"/>
      </object_component>
      <object_component id="oc-147">
         <name>.debug_line</name>
         <load_address>0x1d22</load_address>
         <run_address>0x1d22</run_address>
         <size>0xc1</size>
         <input_file_ref idref="fl-42"/>
      </object_component>
      <object_component id="oc-14c">
         <name>.debug_line</name>
[...]
         </usage_details>
      </memory_area>
      <memory_area display="yes" color="green">
         <name>ZONE7B</name>
         <page_id>0x1</page_id>
         <origin>0x20fc00</origin>
         <length>0x400</length>
         <used_space>0x0</used_space>
         <unused_space>0x400</unused_space>
         <attributes>RWIX</attributes>
         <usage_details>
         </usage_details>
      </memory_area>
      <memory_area display="no" color="green">
         <name>CSM_PWL</name>
         <page_id>0x1</page_id>
         <origin>0x33fff8</origin>
         <length>0x8</length>
         <used_space>0x0</used_space>
         <unused_space>0x8</unused_space>
         <attributes>RWIX</attributes>
         <usage_details>
         </usage_details>
      </memory_area>
   </placement_map>
   <symbol_table>
      <symbol id="sm-0">
         <name>cinit</name>
         <value>0x94ce</value>
      </symbol>
      <symbol id="sm-1">
         <name>___cinit__</name>
         <value>0x94ce</value>
      </symbol>
      <symbol id="sm-2">
         <name>pinit</name>
         <value>0xffffffff</value>
      </symbol>
      <symbol id="sm-3">
         <name>___pinit__</name>
         <value>0xffffffff</value>
      </symbol>
      <symbol id="sm-4">
         <name>binit</name>
         <value>0xffffffff</value>
      </symbol>
      <symbol id="sm-5">
         <name>___binit__</name>
         <value>0xffffffff</value>
      </symbol>
      <symbol id="sm-6">
         <name>__STACK_SIZE</name>
         <value>0x400</value>
      </symbol>
      <symbol id="sm-7">
         <name>__STACK_END</name>
         <value>0xc800</value>
      </symbol>
      <symbol id="sm-8">
         <name>__SYSMEM_SIZE</name>
         <value>0x400</value>
      </symbol>
      <symbol id="sm-9">
         <name>___c_args__</name>
         <value>0xffffffff</value>
      </symbol>
      <symbol id="sm-a">
         <name>.text</name>
         <value>0x8000</value>
      </symbol>
      <symbol id="sm-b">
         <name>___text__</name>
         <value>0x8000</value>
      </symbol>
      <symbol id="sm-c">
         <name>etext</name>
         <value>0x94ce</value>
      </symbol>
      <symbol id="sm-d">
         <name>___etext__</name>
         <value>0x94ce</value>
      </symbol>
      <symbol id="sm-e">
         <name>___TI_pprof_out_hndl</name>
         <value>0xffffffff</value>
      </symbol>
      <symbol id="sm-f">
         <name>___TI_prof_data_start</name>
         <value>0xffffffff</value>
      </symbol>
      <symbol id="sm-10">
         <name>___TI_prof_data_size</name>
         <value>0xffffffff</value>
      </symbol>
      <symbol id="sm-d3">
         <name>_main</name>
         <value>0x876c</value>
         <object_component_ref idref="oc-194"/>
      </symbol>
      <symbol id="sm-d4">
         <name>_getValue</name>
         <value>0x8728</value>
         <object_component_ref idref="oc-194"/>
      </symbol>
      <symbol id="sm-d5">
         <name>_output</name>
         <value>0x873d</value>
         <object_component_ref idref="oc-194"/>
      </symbol>
      <symbol id="sm-d6">
         <name>_temp_Music</name>
         <value>0xc960</value>
         <object_component_ref idref="oc-4a"/>
      </symbol>
      <symbol id="sm-f1">
         <name>_c_int00</name>
         <value>0x8f21</value>
         <object_component_ref idref="oc-48"/>
      </symbol>
      <symbol id="sm-f2">
         <name>__stack</name>
         <value>0xc400</value>
         <object_component_ref idref="oc-50"/>
      </symbol>
      <symbol id="sm-fe">
         <name>_epilog_c28x_1</name>
         <value>0x9485</value>
         <object_component_ref idref="oc-56"/>
      </symbol>
      <symbol id="sm-ff">
         <name>_epilog_c28x_2</name>
         <value>0x9489</value>
         <object_component_ref idref="oc-56"/>
      </symbol>
      <symbol id="sm-119">
         <name>FS$$ADD</name>
         <value>0x8c5c</value>
         <object_component_ref idref="oc-5b"/>
      </symbol>
      <symbol id="sm-11a">
         <name>FS$$SUB</name>
         <value>0x8c57</value>
         <object_component_ref idref="oc-5b"/>
      </symbol>
      <symbol id="sm-12b">
         <name>FS$$MPY</name>
         <value>0x8ec7</value>
         <object_component_ref idref="oc-60"/>
      </symbol>
      <symbol id="sm-13c">
         <name>FS$$TOI</name>
         <value>0x930e</value>
         <object_component_ref idref="oc-65"/>
      </symbol>
      <symbol id="sm-14b">
         <name>I$$TOFS</name>
         <value>0x93bb</value>
         <object_component_ref idref="oc-6a"/>
      </symbol>
      <symbol id="sm-157">
         <name>_prolog_c28x_1</name>
         <value>0x93ee</value>
         <object_component_ref idref="oc-6f"/>
      </symbol>
      <symbol id="sm-158">
         <name>_prolog_c28x_2</name>
         <value>0x93f2</value>
         <object_component_ref idref="oc-6f"/>
      </symbol>
      <symbol id="sm-159">
         <name>_prolog_c28x_3</name>
         <value>0x93fa</value>
         <object_component_ref idref="oc-6f"/>
      </symbol>
      <symbol id="sm-168">
         <name>_copy_in</name>
         <value>0x9358</value>
         <object_component_ref idref="oc-188"/>
      </symbol>
      <symbol id="sm-179">
         <name>_memcpy</name>
         <value>0x939e</value>
         <object_component_ref idref="oc-193"/>
      </symbol>
      <symbol id="sm-185">
         <name>__system_pre_init</name>
         <value>0x94cb</value>
         <object_component_ref idref="oc-187"/>
      </symbol>
      <symbol id="sm-192">
         <name>__system_post_cinit</name>
         <value>0x94cd</value>
         <object_component_ref idref="oc-189"/>
      </symbol>
      <symbol id="sm-1a6">
         <name>C$$EXIT</name>
         <value>0x92be</value>
         <object_component_ref idref="oc-18b"/>
      </symbol>
      <symbol id="sm-1a7">
         <name>_exit</name>
         <value>0x92c0</value>
         <object_component_ref idref="oc-18b"/>
      </symbol>
      <symbol id="sm-1a8">
         <name>___TI_cleanup_ptr</name>
         <value>0xca1a</value>
         <object_component_ref idref="oc-8a"/>
      </symbol>
      <symbol id="sm-1a9">
         <name>___TI_enable_exit_profile_output</name>
         <value>0xca18</value>
         <object_component_ref idref="oc-8a"/>
      </symbol>
      <symbol id="sm-1aa">
         <name>_abort</name>
         <value>0x92be</value>
         <object_component_ref idref="oc-18b"/>
      </symbol>
      <symbol id="sm-1ab">
         <name>___TI_dtors_ptr</name>
         <value>0xca1c</value>
         <object_component_ref idref="oc-8a"/>
      </symbol>
      <symbol id="sm-1bf">
         <name>__unlock</name>
         <value>0xc97e</value>
         <object_component_ref idref="oc-199"/>
      </symbol>
      <symbol id="sm-1c0">
         <name>__lock</name>
         <value>0xc97c</value>
         <object_component_ref idref="oc-195"/>
      </symbol>
      <symbol id="sm-1c1">
         <name>__register_lock</name>
         <value>0x94b6</value>
         <object_component_ref idref="oc-1a3"/>
      </symbol>
      <symbol id="sm-1c2">
         <name>__nop</name>
         <value>0x94ba</value>
         <object_component_ref idref="oc-1a3"/>
      </symbol>
      <symbol id="sm-1c3">
         <name>__register_unlock</name>
         <value>0x94b2</value>
         <object_component_ref idref="oc-1a3"/>
      </symbol>
      <symbol id="sm-1d2">
         <name>__args_main</name>
         <value>0x93d5</value>
         <object_component_ref idref="oc-18a"/>
      </symbol>
      <symbol id="sm-1e3">
         <name>___TI_closefile</name>
         <value>0x8e6c</value>
         <object_component_ref idref="oc-1a2"/>
      </symbol>
      <symbol id="sm-1e4">
         <name>_fclose</name>
         <value>0x8eae</value>
         <object_component_ref idref="oc-1a2"/>
      </symbol>
      <symbol id="sm-1f9">
         <name>___TI_doflush</name>
         <value>0x8d3e</value>
         <object_component_ref idref="oc-1a1"/>
      </symbol>
      <symbol id="sm-1fa">
         <name>_fflush</name>
         <value>0x8d6d</value>
         <object_component_ref idref="oc-1a1"/>
      </symbol>
      <symbol id="sm-230">
         <name>_fopen</name>
         <value>0x88d8</value>
         <object_component_ref idref="oc-19e"/>
      </symbol>
      <symbol id="sm-231">
         <name>___TI_cleanup</name>
         <value>0x889d</value>
         <object_component_ref idref="oc-19e"/>
      </symbol>
      <symbol id="sm-232">
         <name>_freopen</name>
         <value>0x88ba</value>
         <object_component_ref idref="oc-19e"/>
      </symbol>
      <symbol id="sm-242">
         <name>_fprintf</name>
         <value>0x9293</value>
         <object_component_ref idref="oc-1a0"/>
      </symbol>
      <symbol id="sm-254">
         <name>_putchar</name>
         <value>0x90b2</value>
         <object_component_ref idref="oc-1a4"/>
      </symbol>
      <symbol id="sm-255">
         <name>_putc</name>
         <value>0x9068</value>
         <object_component_ref idref="oc-1a4"/>
      </symbol>
      <symbol id="sm-256">
         <name>_fputc</name>
         <value>0x9068</value>
         <object_component_ref idref="oc-1a4"/>
      </symbol>
      <symbol id="sm-272">
         <name>_puts</name>
         <value>0x8b37</value>
         <object_component_ref idref="oc-1a5"/>
      </symbol>
      <symbol id="sm-273">
         <name>_fputs</name>
         <value>0x8aa7</value>
         <object_component_ref idref="oc-1a5"/>
      </symbol>
      <symbol id="sm-293">
         <name>_vscanf</name>
         <value>0x8678</value>
         <object_component_ref idref="oc-19f"/>
      </symbol>
      <symbol id="sm-294">
         <name>_fscanf</name>
         <value>0x86fd</value>
         <object_component_ref idref="oc-19f"/>
      </symbol>
      <symbol id="sm-295">
         <name>_scanf</name>
         <value>0x86d2</value>
         <object_component_ref idref="oc-19f"/>
      </symbol>
      <symbol id="sm-296">
         <name>_vfscanf</name>
         <value>0x86a4</value>
         <object_component_ref idref="oc-19f"/>
      </symbol>
      <symbol id="sm-2a5">
         <name>_memchr</name>
         <value>0x9468</value>
         <object_component_ref idref="oc-1b1"/>
      </symbol>
      <symbol id="sm-2c0">
         <name>_open</name>
         <value>0x8ccf</value>
         <object_component_ref idref="oc-1a7"/>
      </symbol>
      <symbol id="sm-2d0">
         <name>_printf</name>
         <value>0x922c</value>
         <object_component_ref idref="oc-19d"/>
      </symbol>
      <symbol id="sm-2dc">
         <name>_remove</name>
         <value>0x94c8</value>
         <object_component_ref idref="oc-1af"/>
      </symbol>
      <symbol id="sm-2e9">
         <name>_strlen</name>
         <value>0x94bb</value>
         <object_component_ref idref="oc-197"/>
      </symbol>
      <symbol id="sm-2fb">
         <name>_ungetc</name>
         <value>0x90b7</value>
         <object_component_ref idref="oc-1a9"/>
      </symbol>
      <symbol id="sm-307">
         <name>_unlink</name>
         <value>0x9407</value>
         <object_component_ref idref="oc-1bd"/>
      </symbol>
      <symbol id="sm-31a">
         <name>__device</name>
         <value>0xc9c0</value>
         <object_component_ref idref="oc-e6"/>
      </symbol>
      <symbol id="sm-31b">
         <name>__stream</name>
         <value>0xc980</value>
         <object_component_ref idref="oc-e6"/>
      </symbol>
      <symbol id="sm-31c">
         <name>_write</name>
         <value>0x9450</value>
         <object_component_ref idref="oc-1ac"/>
      </symbol>
      <symbol id="sm-366">
         <name>__sys_memory</name>
         <value>0xc000</value>
         <object_component_ref idref="oc-ee"/>
      </symbol>
      <symbol id="sm-367">
         <name>_chkheap</name>
         <value>0x8496</value>
         <object_component_ref idref="oc-1ad"/>
      </symbol>
      <symbol id="sm-368">
         <name>_realloc</name>
         <value>0x83a6</value>
         <object_component_ref idref="oc-1ad"/>
      </symbol>
      <symbol id="sm-369">
         <name>_free_memory</name>
         <value>0x847b</value>
         <object_component_ref idref="oc-1ad"/>
      </symbol>
      <symbol id="sm-36a">
         <name>_max_free</name>
         <value>0x845c</value>
         <object_component_ref idref="oc-1ad"/>
      </symbol>
      <symbol id="sm-36b">
         <name>_free</name>
         <value>0x82e0</value>
         <object_component_ref idref="oc-1ad"/>
      </symbol>
      <symbol id="sm-36c">
         <name>_calloc</name>
         <value>0x8498</value>
         <object_component_ref idref="oc-1ad"/>
      </symbol>
      <symbol id="sm-36d">
         <name>_malloc</name>
         <value>0x8349</value>
         <object_component_ref idref="oc-1ad"/>
      </symbol>
      <symbol id="sm-36e">
         <name>_minit</name>
         <value>0x8326</value>
         <object_component_ref idref="oc-1ad"/>
      </symbol>
      <symbol id="sm-385">
         <name>___TI_rd_ok</name>
         <value>0x8de4</value>
         <object_component_ref idref="oc-1b0"/>
      </symbol>
      <symbol id="sm-386">
         <name>___TI_wrt_ok</name>
         <value>0x8da9</value>
         <object_component_ref idref="oc-1b0"/>
      </symbol>
      <symbol id="sm-3bf">
         <name>___TI_printfi_minimal</name>
         <value>0x85b5</value>
         <object_component_ref idref="oc-1a6"/>
      </symbol>
      <symbol id="sm-415">
         <name>___TI_scanfi_minimal</name>
         <value>0x811c</value>
         <object_component_ref idref="oc-1ab"/>
      </symbol>
      <symbol id="sm-425">
         <name>_close</name>
         <value>0x925a</value>
         <object_component_ref idref="oc-1ae"/>
      </symbol>
      <symbol id="sm-42d">
         <name>__ctypes_</name>
         <value>0xca20</value>
         <object_component_ref idref="oc-1a8"/>
      </symbol>
      <symbol id="sm-438">
         <name>___TI_ft_end</name>
         <value>0xc800</value>
         <object_component_ref idref="oc-10c"/>
      </symbol>
      <symbol id="sm-439">
         <name>___TI_tmpnams</name>
         <value>0xc8c0</value>
         <object_component_ref idref="oc-10c"/>
      </symbol>
      <symbol id="sm-43a">
         <name>__ftable</name>
         <value>0xc840</value>
         <object_component_ref idref="oc-10c"/>
      </symbol>
      <symbol id="sm-44d">
         <name>_getchar</name>
         <value>0x9013</value>
         <object_component_ref idref="oc-1aa"/>
      </symbol>
      <symbol id="sm-44e">
         <name>_getc</name>
         <value>0x8fc8</value>
         <object_component_ref idref="oc-1aa"/>
      </symbol>
      <symbol id="sm-44f">
         <name>_fgetc</name>
         <value>0x8fc8</value>
         <object_component_ref idref="oc-1aa"/>
      </symbol>
      <symbol id="sm-45f">
         <name>_fseek</name>
         <value>0x9140</value>
         <object_component_ref idref="oc-1be"/>
      </symbol>
      <symbol id="sm-470">
         <name>_finddevice</name>
         <value>0x9018</value>
         <object_component_ref idref="oc-1b4"/>
      </symbol>
      <symbol id="sm-471">
         <name>_getdevice</name>
         <value>0x9033</value>
         <object_component_ref idref="oc-1b4"/>
      </symbol>
      <symbol id="sm-47e">
         <name>_lseek</name>
         <value>0x9420</value>
         <object_component_ref idref="oc-1c1"/>
      </symbol>
      <symbol id="sm-48d">
         <name>_memccpy</name>
         <value>0x9478</value>
         <object_component_ref idref="oc-1b2"/>
      </symbol>
      <symbol id="sm-49b">
         <name>_memset</name>
         <value>0x9491</value>
         <object_component_ref idref="oc-1b3"/>
      </symbol>
      <symbol id="sm-4a8">
         <name>_read</name>
         <value>0x9438</value>
         <object_component_ref idref="oc-1b7"/>
      </symbol>
      <symbol id="sm-4bf">
         <name>_setvbuf</name>
         <value>0x8bde</value>
         <object_component_ref idref="oc-1b5"/>
      </symbol>
      <symbol id="sm-4ce">
         <name>_strchr</name>
         <value>0x949d</value>
         <object_component_ref idref="oc-1b9"/>
      </symbol>
      <symbol id="sm-4dc">
         <name>_strcmp</name>
         <value>0x94a8</value>
         <object_component_ref idref="oc-1bf"/>
      </symbol>
      <symbol id="sm-4e9">
         <name>_strcpy</name>
         <value>0x94c3</value>
         <object_component_ref idref="oc-19b"/>
      </symbol>
      <symbol id="sm-4f9">
         <name>_strncpy</name>
         <value>0x937c</value>
         <object_component_ref idref="oc-1c0"/>
      </symbol>
      <symbol id="sm-51d">
         <name>_strtol</name>
         <value>0x891e</value>
         <object_component_ref idref="oc-1bc"/>
      </symbol>
      <symbol id="sm-540">
         <name>_strtoul</name>
         <value>0x89f3</value>
         <object_component_ref idref="oc-1bb"/>
      </symbol>
      <symbol id="sm-54c">
         <name>_HOSTclose</name>
         <value>0x92e7</value>
         <object_component_ref idref="oc-18d"/>
      </symbol>
      <symbol id="sm-558">
         <name>_HOSTlseek</name>
         <value>0x8e10</value>
         <object_component_ref idref="oc-190"/>
      </symbol>
      <symbol id="sm-567">
         <name>_parmbuf</name>
         <value>0xca08</value>
         <object_component_ref idref="oc-15f"/>
      </symbol>
      <symbol id="sm-568">
         <name>_HOSTopen</name>
         <value>0x917d</value>
         <object_component_ref idref="oc-18c"/>
      </symbol>
      <symbol id="sm-575">
         <name>_HOSTread</name>
         <value>0x91b6</value>
         <object_component_ref idref="oc-18e"/>
      </symbol>
      <symbol id="sm-581">
         <name>_HOSTrename</name>
         <value>0x9101</value>
         <object_component_ref idref="oc-192"/>
      </symbol>
      <symbol id="sm-58d">
         <name>_HOSTunlink</name>
         <value>0x9333</value>
         <object_component_ref idref="oc-191"/>
      </symbol>
      <symbol id="sm-59a">
         <name>_HOSTwrite</name>
         <value>0x91ee</value>
         <object_component_ref idref="oc-18f"/>
      </symbol>
      <symbol id="sm-5b2">
         <name>___TI_readmsg</name>
         <value>0x8ba2</value>
         <object_component_ref idref="oc-198"/>
      </symbol>
      <symbol id="sm-5b3">
         <name>C$$IO$$</name>
         <value>0x8b9d</value>
         <object_component_ref idref="oc-198"/>
      </symbol>
      <symbol id="sm-5b4">
         <name>__CIOBUF_</name>
         <value>0xcc40</value>
         <object_component_ref idref="oc-179"/>
      </symbol>
      <symbol id="sm-5b5">
         <name>___TI_writemsg</name>
         <value>0x8b4a</value>
         <object_component_ref idref="oc-198"/>
      </symbol>
      <symbol id="sm-5bf">
         <name>_errno</name>
         <value>0xc97b</value>
         <object_component_ref idref="oc-180"/>
      </symbol>
      <symbol id="sm-5d1">
         <name>___TI_buff_read</name>
         <value>0x8f75</value>
         <object_component_ref idref="oc-1b6"/>
      </symbol>
   </symbol_table>
   <title>Link successful</title>
</link_info>
