******************************************************************************
             TMS320C2000 Linker PC v18.1.4                     
******************************************************************************
>> Linked Thu May 23 23:03:07 2019

OUTPUT FILE NAME:   <MyFilter.out>
ENTRY POINT SYMBOL: "_c_int00"  address: 00008f21


MEMORY CONFIGURATION

         name            origin    length      used     unused   attr    fill
----------------------  --------  ---------  --------  --------  ----  --------
PAGE 0:
  BEGIN                 00000000   00000002  00000000  00000002  RWIX
  BOOT_RSVD             00000002   0000004e  00000000  0000004e  RWIX
  RAMM0                 00000050   000003b0  00000000  000003b0  RWIX
  RAML                  00008000   00004000  0000154b  00002ab5  RWIX
  ZONE7A                00200000   0000fc00  00000000  0000fc00  RWIX
  CSM_RSVD              0033ff80   00000076  00000000  00000076  RWIX
  CSM_PWL               0033fff8   00000008  00000000  00000008  RWIX
  ADC_CAL               00380080   00000009  00000000  00000009  RWIX
  IQTABLES              003fe000   00000b50  00000000  00000b50  RWIX
  IQTABLES2             003feb50   0000008c  00000000  0000008c  RWIX
  FPUTABLES             003febdc   000006a0  00000000  000006a0  RWIX
  BOOTROM               003ff27c   00000d44  00000000  00000d44  RWIX
  RESET                 003fffc0   00000002  00000000  00000002  RWIX

PAGE 1:
  RAMM                  00000400   00000400  00000000  00000400  RWIX
  DEV_EMU               00000880   00000180  00000000  00000180  RWIX
  FLASH_REGS            00000a80   00000060  00000000  00000060  RWIX
  CSM                   00000ae0   00000010  00000000  00000010  RWIX
  ADC_MIRROR            00000b00   00000010  00000000  00000010  RWIX
  XINTF                 00000b20   00000020  00000000  00000020  RWIX
  CPU_TIMER0            00000c00   00000008  00000000  00000008  RWIX
  CPU_TIMER1            00000c08   00000008  00000000  00000008  RWIX
  CPU_TIMER2            00000c10   00000008  00000000  00000008  RWIX
  PIE_CTRL              00000ce0   00000020  00000000  00000020  RWIX
  PIE_VECT              00000d00   00000100  00000000  00000100  RWIX
  DMA                   00001000   00000200  00000000  00000200  RWIX
  MCBSPA                00005000   00000040  00000000  00000040  RWIX
  MCBSPB                00005040   00000040  00000000  00000040  RWIX
  ECANA                 00006000   00000040  00000000  00000040  RWIX
  ECANA_LAM             00006040   00000040  00000000  00000040  RWIX
  ECANA_MOTS            00006080   00000040  00000000  00000040  RWIX
  ECANA_MOTO            000060c0   00000040  00000000  00000040  RWIX
  ECANA_MBOX            00006100   00000100  00000000  00000100  RWIX
  ECANB                 00006200   00000040  00000000  00000040  RWIX
  ECANB_LAM             00006240   00000040  00000000  00000040  RWIX
  ECANB_MOTS            00006280   00000040  00000000  00000040  RWIX
  ECANB_MOTO            000062c0   00000040  00000000  00000040  RWIX
  ECANB_MBOX            00006300   00000100  00000000  00000100  RWIX
  EPWM1                 00006800   00000022  00000000  00000022  RWIX
  EPWM2                 00006840   00000022  00000000  00000022  RWIX
  EPWM3                 00006880   00000022  00000000  00000022  RWIX
  EPWM4                 000068c0   00000022  00000000  00000022  RWIX
  EPWM5                 00006900   00000022  00000000  00000022  RWIX
  EPWM6                 00006940   00000022  00000000  00000022  RWIX
  ECAP1                 00006a00   00000020  00000000  00000020  RWIX
  ECAP2                 00006a20   00000020  00000000  00000020  RWIX
  ECAP3                 00006a40   00000020  00000000  00000020  RWIX
  ECAP4                 00006a60   00000020  00000000  00000020  RWIX
  ECAP5                 00006a80   00000020  00000000  00000020  RWIX
  ECAP6                 00006aa0   00000020  00000000  00000020  RWIX
  EQEP1                 00006b00   00000040  00000000  00000040  RWIX
  EQEP2                 00006b40   00000040  00000000  00000040  RWIX
  GPIOCTRL              00006f80   00000040  00000000  00000040  RWIX
  GPIODAT               00006fc0   00000020  00000000  00000020  RWIX
  GPIOINT               00006fe0   00000020  00000000  00000020  RWIX
  SYSTEM                00007010   00000020  00000000  00000020  RWIX
  SPIA                  00007040   00000010  00000000  00000010  RWIX
  SCIA                  00007050   00000010  00000000  00000010  RWIX
  XINTRUPT              00007070   00000010  00000000  00000010  RWIX
  ADC                   00007100   00000020  00000000  00000020  RWIX
  SCIB                  00007750   00000010  00000000  00000010  RWIX
  SCIC                  00007770   00000010  00000000  00000010  RWIX
  I2CA                  00007900   00000040  00000000  00000040  RWIX
  RAMH                  0000c000   00004000  00000d2a  000032d6  RWIX
  ZONE7B                0020fc00   00000400  00000000  00000400  RWIX
  CSM_PWL               0033fff8   00000008  00000000  00000008  RWIX


SECTION ALLOCATION MAP

 output                                  attributes/
section   page    origin      length       input sections
--------  ----  ----------  ----------   ----------------
.text      0    00008000    000014ce     
                  00008000    000002e0     rts2800_ml.lib : _scanfi_min.c.obj (.text)
                  000082e0    000001cf                    : memory.c.obj (.text)
                  000084af    0000016d                    : _printfi_min.c.obj (.text)
                  0000861c    0000010c                    : fscanf.c.obj (.text)
                  00008728    000000fe     hello.obj (.text)
                  00008826    000000f8     rts2800_ml.lib : fopen.c.obj (.text)
                  0000891e    000000d5                    : strtol.c.obj (.text)
                  000089f3    000000b4                    : strtoul.c.obj (.text)
                  00008aa7    000000a3                    : fputs.c.obj (.text)
                  00008b4a    00000094                    : trgmsg.c.obj (.text)
                  00008bde    00000079                    : setvbuf.c.obj (.text)
                  00008c57    00000078                    : fs_add28.asm.obj (.text)
                  00008ccf    0000006f                    : open.c.obj (.text)
                  00008d3e    0000006b                    : fflush.c.obj (.text)
                  00008da9    00000067                    : _io_perm.c.obj (.text)
                  00008e10    0000005c                    : hostlseek.c.obj (.text)
                  00008e6c    0000005b                    : fclose.c.obj (.text)
                  00008ec7    0000005a                    : fs_mpy28.asm.obj (.text)
                  00008f21    00000054                    : boot28.asm.obj (.text)
                  00008f75    00000053                    : _bufread.c.obj (.text)
                  00008fc8    00000050                    : fgetc.c.obj (.text)
                  00009018    00000050                    : getdevice.c.obj (.text)
                  00009068    0000004f                    : fputc.c.obj (.text)
                  000090b7    0000004a                    : ungetc.c.obj (.text)
                  00009101    0000003f                    : hostrename.c.obj (.text)
                  00009140    0000003d                    : fseek.c.obj (.text)
                  0000917d    00000039                    : hostopen.c.obj (.text)
                  000091b6    00000038                    : hostread.c.obj (.text)
                  000091ee    00000038                    : hostwrite.c.obj (.text)
                  00009226    00000034                    : printf.c.obj (.text)
                  0000925a    00000033                    : close.c.obj (.text)
                  0000928d    00000031                    : fprintf.c.obj (.text)
                  000092be    00000029                    : exit.c.obj (.text)
                  000092e7    00000027                    : hostclose.c.obj (.text)
                  0000930e    00000025                    : fs_toi28.asm.obj (.text)
                  00009333    00000025                    : hostunlink.c.obj (.text)
                  00009358    00000024                    : cpy_tbl.c.obj (.text)
                  0000937c    00000022                    : strncpy.c.obj (.text)
                  0000939e    0000001d                    : memcpy.c.obj (.text)
                  000093bb    0000001a                    : i_tofs28.asm.obj (.text)
                  000093d5    00000019                    : args_main.c.obj (.text)
                  000093ee    00000019                    : prolog28.asm.obj (.text)
                  00009407    00000019                    : unlink.c.obj (.text)
                  00009420    00000018                    : lseek.c.obj (.text)
                  00009438    00000018                    : read.c.obj (.text)
                  00009450    00000018                    : write.c.obj (.text)
                  00009468    00000010                    : memchr.c.obj (.text)
                  00009478    0000000d                    : memccpy.c.obj (.text)
                  00009485    0000000c                    : epilog28.asm.obj (.text)
                  00009491    0000000c                    : memset.c.obj (.text)
                  0000949d    0000000b                    : strchr.c.obj (.text)
                  000094a8    0000000a                    : strcmp.c.obj (.text)
                  000094b2    00000009                    : _lock.c.obj (.text)
                  000094bb    00000008                    : strlen.c.obj (.text)
                  000094c3    00000005                    : strcpy.c.obj (.text)
                  000094c8    00000003                    : remove.c.obj (.text)
                  000094cb    00000002                    : pre_init.c.obj (.text)
                  000094cd    00000001                    : startup.c.obj (.text)

.cinit     0    000094ce    0000007d     
                  000094ce    0000002a     rts2800_ml.lib : defs.c.obj (.cinit)
                  000094f8    00000029                    : write.c.obj (.cinit)
                  00009521    0000000e                    : exit.c.obj (.cinit)
                  0000952f    00000005                    : _lock.c.obj (.cinit:__lock)
                  00009534    00000005                    : _lock.c.obj (.cinit:__unlock)
                  00009539    00000004                    : errno.c.obj (.cinit)
                  0000953d    00000004                    : fopen.c.obj (.cinit)
                  00009541    00000004                    : memory.c.obj (.cinit)
                  00009545    00000004                    : open.c.obj (.cinit)
                  00009549    00000002     --HOLE-- [fill = 0]

.pinit     0    00008000    00000000     UNINITIALIZED

.esysmem   1    0000c000    00000400     UNINITIALIZED
                  0000c000    00000001     rts2800_ml.lib : memory.c.obj (.esysmem)
                  0000c001    000003ff     --HOLE--

.stack     1    0000c400    00000400     UNINITIALIZED
                  0000c400    00000400     --HOLE--

.ebss      1    0000c800    00000220     UNINITIALIZED
                  0000c800    00000160     rts2800_ml.lib : defs.c.obj (.ebss)
                  0000c960    0000001b     hello.obj (.ebss)
                  0000c97b    00000001     rts2800_ml.lib : errno.c.obj (.ebss)
                  0000c97c    00000002                    : _lock.c.obj (.ebss:__lock)
                  0000c97e    00000002                    : _lock.c.obj (.ebss:__unlock)
                  0000c980    00000088                    : write.c.obj (.ebss)
                  0000ca08    00000008                    : hostopen.c.obj (.ebss)
                  0000ca10    00000008                    : memory.c.obj (.ebss)
                  0000ca18    00000006                    : exit.c.obj (.ebss)
                  0000ca1e    00000001                    : fopen.c.obj (.ebss)
                  0000ca1f    00000001                    : open.c.obj (.ebss)

.econst    1    0000ca20    000001ea     
                  0000ca20    00000101     rts2800_ml.lib : ctype.c.obj (.econst:.string:__ctypes_)
                  0000cb21    00000001     --HOLE-- [fill = 0]
                  0000cb22    0000008e     hello.obj (.econst:.string)
                  0000cbb0    00000036     hello.obj (.econst:_filter)
                  0000cbe6    00000014     rts2800_ml.lib : _printfi_min.c.obj (.econst:.string)
                  0000cbfa    00000007                    : _scanfi_min.c.obj (.econst:.string:_flit$1)
                  0000cc01    00000006                    : _scanfi_min.c.obj (.econst:.string:_barr$2)
                  0000cc07    00000001     --HOLE-- [fill = 0]
                  0000cc08    00000002                    : fputs.c.obj (.econst:.string)

.cio       1    0000cc40    00000120     UNINITIALIZED
                  0000cc40    00000120     rts2800_ml.lib : trgmsg.c.obj (.cio)

.reset     0    003fffc0    00000002     DSECT
                  003fffc0    00000002     rts2800_ml.lib : boot28.asm.obj (.reset)

csm_rsvd   0    0033ff80    00000000     DSECT

csmpasswds 
*          0    0033fff8    00000000     DSECT

MODULE SUMMARY

       Module               code   initialized data   uninitialized data
       ------               ----   ----------------   ------------------
    .\
       hello.obj            254    196                27                
    +--+--------------------+------+------------------+--------------------+
       Total:               254    196                27                
                                                                        
    F:\CCS_8.0\ccsv8\tools\compiler\ti-cgt-c2000_18.1.4.LTS\lib\rts2800_ml.lib
       _scanfi_min.c.obj    736    13                 0                 
       memory.c.obj         463    4                  8                 
       trgmsg.c.obj         148    0                  288               
       defs.c.obj           0      42                 352               
       _printfi_min.c.obj   365    20                 0                 
       fscanf.c.obj         268    0                  0                 
       ctype.c.obj          0      257                0                 
       fopen.c.obj          248    4                  1                 
       strtol.c.obj         213    0                  0                 
       write.c.obj          24     41                 136               
       strtoul.c.obj        180    0                  0                 
       fputs.c.obj          163    2                  0                 
       setvbuf.c.obj        121    0                  0                 
       fs_add28.asm.obj     120    0                  0                 
       open.c.obj           111    4                  1                 
       fflush.c.obj         107    0                  0                 
       _io_perm.c.obj       103    0                  0                 
       hostlseek.c.obj      92     0                  0                 
       fclose.c.obj         91     0                  0                 
       fs_mpy28.asm.obj     90     0                  0                 
       boot28.asm.obj       84     0                  0                 
       _bufread.c.obj       83     0                  0                 
       fgetc.c.obj          80     0                  0                 
       getdevice.c.obj      80     0                  0                 
       fputc.c.obj          79     0                  0                 
       ungetc.c.obj         74     0                  0                 
       hostopen.c.obj       57     0                  8                 
       hostrename.c.obj     63     0                  0                 
       exit.c.obj           41     14                 6                 
       fseek.c.obj          61     0                  0                 
       hostread.c.obj       56     0                  0                 
       hostwrite.c.obj      56     0                  0                 
       printf.c.obj         52     0                  0                 
       close.c.obj          51     0                  0                 
       fprintf.c.obj        49     0                  0                 
       hostclose.c.obj      39     0                  0                 
       fs_toi28.asm.obj     37     0                  0                 
       hostunlink.c.obj     37     0                  0                 
       cpy_tbl.c.obj        36     0                  0                 
       strncpy.c.obj        34     0                  0                 
       memcpy.c.obj         29     0                  0                 
       i_tofs28.asm.obj     26     0                  0                 
       args_main.c.obj      25     0                  0                 
       prolog28.asm.obj     25     0                  0                 
       unlink.c.obj         25     0                  0                 
       lseek.c.obj          24     0                  0                 
       read.c.obj           24     0                  0                 
       _lock.c.obj          9      10                 4                 
       memchr.c.obj         16     0                  0                 
       memccpy.c.obj        13     0                  0                 
       epilog28.asm.obj     12     0                  0                 
       memset.c.obj         12     0                  0                 
       strchr.c.obj         11     0                  0                 
       strcmp.c.obj         10     0                  0                 
       strlen.c.obj         8      0                  0                 
       errno.c.obj          0      4                  1                 
       strcpy.c.obj         5      0                  0                 
       remove.c.obj         3      0                  0                 
       pre_init.c.obj       2      0                  0                 
       startup.c.obj        1      0                  0                 
    +--+--------------------+------+------------------+--------------------+
       Total:               5072   415                805               
                                                                        
       Heap:                0      0                  1024              
       Stack:               0      0                  1024              
    +--+--------------------+------+------------------+--------------------+
       Grand Total:         5326   611                2880              


GLOBAL DATA SYMBOLS: SORTED BY DATA PAGE

address     data page           name
--------    ----------------    ----
0000c000     300 (0000c000)     __sys_memory

0000c400     310 (0000c400)     __stack

0000c800     320 (0000c800)     ___TI_ft_end

0000c840     321 (0000c840)     __ftable

0000c8c0     323 (0000c8c0)     ___TI_tmpnams

0000c960     325 (0000c940)     _temp_Music
0000c97b     325 (0000c940)     _errno
0000c97c     325 (0000c940)     __lock
0000c97e     325 (0000c940)     __unlock

0000c980     326 (0000c980)     __stream

0000c9c0     327 (0000c9c0)     __device

0000ca08     328 (0000ca00)     _parmbuf
0000ca18     328 (0000ca00)     ___TI_enable_exit_profile_output
0000ca1a     328 (0000ca00)     ___TI_cleanup_ptr
0000ca1c     328 (0000ca00)     ___TI_dtors_ptr
0000ca20     328 (0000ca00)     __ctypes_

0000cc40     331 (0000cc40)     __CIOBUF_


GLOBAL SYMBOLS: SORTED ALPHABETICALLY BY Name 

page  address   name                            
----  -------   ----                            
0     00008000  .text                           
0     000092be  C$$EXIT                         
0     00008b9d  C$$IO$$                         
0     00008c5c  FS$$ADD                         
0     00008ec7  FS$$MPY                         
0     00008c57  FS$$SUB                         
0     0000930e  FS$$TOI                         
0     000093bb  I$$TOFS                         
0     000092e7  _HOSTclose                      
0     00008e10  _HOSTlseek                      
0     0000917d  _HOSTopen                       
0     000091b6  _HOSTread                       
0     00009101  _HOSTrename                     
0     00009333  _HOSTunlink                     
0     000091ee  _HOSTwrite                      
1     0000cc40  __CIOBUF_                       
1     0000c800  __STACK_END                     
abs   00000400  __STACK_SIZE                    
abs   00000400  __SYSMEM_SIZE                   
0     00008f75  ___TI_buff_read                 
0     0000889d  ___TI_cleanup                   
1     0000ca1a  ___TI_cleanup_ptr               
0     00008e6c  ___TI_closefile                 
0     00008d3e  ___TI_doflush                   
1     0000ca1c  ___TI_dtors_ptr                 
1     0000ca18  ___TI_enable_exit_profile_output
1     0000c800  ___TI_ft_end                    
abs   ffffffff  ___TI_pprof_out_hndl            
0     000085b5  ___TI_printfi_minimal           
abs   ffffffff  ___TI_prof_data_size            
abs   ffffffff  ___TI_prof_data_start           
0     00008de4  ___TI_rd_ok                     
0     00008ba2  ___TI_readmsg                   
0     0000811c  ___TI_scanfi_minimal            
1     0000c8c0  ___TI_tmpnams                   
0     00008b4a  ___TI_writemsg                  
0     00008da9  ___TI_wrt_ok                    
abs   ffffffff  ___binit__                      
abs   ffffffff  ___c_args__                     
0     000094ce  ___cinit__                      
0     000094ce  ___etext__                      
abs   ffffffff  ___pinit__                      
0     00008000  ___text__                       
0     000093d5  __args_main                     
1     0000ca20  __ctypes_                       
1     0000c9c0  __device                        
1     0000c840  __ftable                        
1     0000c97c  __lock                          
0     000094ba  __nop                           
0     000094b6  __register_lock                 
0     000094b2  __register_unlock               
1     0000c400  __stack                         
1     0000c980  __stream                        
1     0000c000  __sys_memory                    
0     000094cd  __system_post_cinit             
0     000094cb  __system_pre_init               
1     0000c97e  __unlock                        
0     000092be  _abort                          
0     00008f21  _c_int00                        
0     00008498  _calloc                         
0     00008496  _chkheap                        
0     0000925a  _close                          
0     00009358  _copy_in                        
0     00009485  _epilog_c28x_1                  
0     00009489  _epilog_c28x_2                  
1     0000c97b  _errno                          
0     000092c0  _exit                           
0     00008eae  _fclose                         
0     00008d6d  _fflush                         
0     00008fc8  _fgetc                          
0     00009018  _finddevice                     
0     000088d8  _fopen                          
0     00009293  _fprintf                        
0     00009068  _fputc                          
0     00008aa7  _fputs                          
0     000082e0  _free                           
0     0000847b  _free_memory                    
0     000088ba  _freopen                        
0     000086fd  _fscanf                         
0     00009140  _fseek                          
0     00008728  _getValue                       
0     00008fc8  _getc                           
0     00009013  _getchar                        
0     00009033  _getdevice                      
0     00009420  _lseek                          
0     0000876c  _main                           
0     00008349  _malloc                         
0     0000845c  _max_free                       
0     00009478  _memccpy                        
0     00009468  _memchr                         
0     0000939e  _memcpy                         
0     00009491  _memset                         
0     00008326  _minit                          
0     00008ccf  _open                           
0     0000873d  _output                         
1     0000ca08  _parmbuf                        
0     0000922c  _printf                         
0     000093ee  _prolog_c28x_1                  
0     000093f2  _prolog_c28x_2                  
0     000093fa  _prolog_c28x_3                  
0     00009068  _putc                           
0     000090b2  _putchar                        
0     00008b37  _puts                           
0     00009438  _read                           
0     000083a6  _realloc                        
0     000094c8  _remove                         
0     000086d2  _scanf                          
0     00008bde  _setvbuf                        
0     0000949d  _strchr                         
0     000094a8  _strcmp                         
0     000094c3  _strcpy                         
0     000094bb  _strlen                         
0     0000937c  _strncpy                        
0     0000891e  _strtol                         
0     000089f3  _strtoul                        
1     0000c960  _temp_Music                     
0     000090b7  _ungetc                         
0     00009407  _unlink                         
0     000086a4  _vfscanf                        
0     00008678  _vscanf                         
0     00009450  _write                          
abs   ffffffff  binit                           
0     000094ce  cinit                           
0     000094ce  etext                           
abs   ffffffff  pinit                           


GLOBAL SYMBOLS: SORTED BY Symbol Address 

page  address   name                            
----  -------   ----                            
0     00008000  .text                           
0     00008000  ___text__                       
0     0000811c  ___TI_scanfi_minimal            
0     000082e0  _free                           
0     00008326  _minit                          
0     00008349  _malloc                         
0     000083a6  _realloc                        
0     0000845c  _max_free                       
0     0000847b  _free_memory                    
0     00008496  _chkheap                        
0     00008498  _calloc                         
0     000085b5  ___TI_printfi_minimal           
0     00008678  _vscanf                         
0     000086a4  _vfscanf                        
0     000086d2  _scanf                          
0     000086fd  _fscanf                         
0     00008728  _getValue                       
0     0000873d  _output                         
0     0000876c  _main                           
0     0000889d  ___TI_cleanup                   
0     000088ba  _freopen                        
0     000088d8  _fopen                          
0     0000891e  _strtol                         
0     000089f3  _strtoul                        
0     00008aa7  _fputs                          
0     00008b37  _puts                           
0     00008b4a  ___TI_writemsg                  
0     00008b9d  C$$IO$$                         
0     00008ba2  ___TI_readmsg                   
0     00008bde  _setvbuf                        
0     00008c57  FS$$SUB                         
0     00008c5c  FS$$ADD                         
0     00008ccf  _open                           
0     00008d3e  ___TI_doflush                   
0     00008d6d  _fflush                         
0     00008da9  ___TI_wrt_ok                    
0     00008de4  ___TI_rd_ok                     
0     00008e10  _HOSTlseek                      
0     00008e6c  ___TI_closefile                 
0     00008eae  _fclose                         
0     00008ec7  FS$$MPY                         
0     00008f21  _c_int00                        
0     00008f75  ___TI_buff_read                 
0     00008fc8  _fgetc                          
0     00008fc8  _getc                           
0     00009013  _getchar                        
0     00009018  _finddevice                     
0     00009033  _getdevice                      
0     00009068  _fputc                          
0     00009068  _putc                           
0     000090b2  _putchar                        
0     000090b7  _ungetc                         
0     00009101  _HOSTrename                     
0     00009140  _fseek                          
0     0000917d  _HOSTopen                       
0     000091b6  _HOSTread                       
0     000091ee  _HOSTwrite                      
0     0000922c  _printf                         
0     0000925a  _close                          
0     00009293  _fprintf                        
0     000092be  C$$EXIT                         
0     000092be  _abort                          
0     000092c0  _exit                           
0     000092e7  _HOSTclose                      
0     0000930e  FS$$TOI                         
0     00009333  _HOSTunlink                     
0     00009358  _copy_in                        
0     0000937c  _strncpy                        
0     0000939e  _memcpy                         
0     000093bb  I$$TOFS                         
0     000093d5  __args_main                     
0     000093ee  _prolog_c28x_1                  
0     000093f2  _prolog_c28x_2                  
0     000093fa  _prolog_c28x_3                  
0     00009407  _unlink                         
0     00009420  _lseek                          
0     00009438  _read                           
0     00009450  _write                          
0     00009468  _memchr                         
0     00009478  _memccpy                        
0     00009485  _epilog_c28x_1                  
0     00009489  _epilog_c28x_2                  
0     00009491  _memset                         
0     0000949d  _strchr                         
0     000094a8  _strcmp                         
0     000094b2  __register_unlock               
0     000094b6  __register_lock                 
0     000094ba  __nop                           
0     000094bb  _strlen                         
0     000094c3  _strcpy                         
0     000094c8  _remove                         
0     000094cb  __system_pre_init               
0     000094cd  __system_post_cinit             
0     000094ce  ___cinit__                      
0     000094ce  ___etext__                      
0     000094ce  cinit                           
0     000094ce  etext                           
1     0000c000  __sys_memory                    
1     0000c400  __stack                         
1     0000c800  __STACK_END                     
1     0000c800  ___TI_ft_end                    
1     0000c840  __ftable                        
1     0000c8c0  ___TI_tmpnams                   
1     0000c960  _temp_Music                     
1     0000c97b  _errno                          
1     0000c97c  __lock                          
1     0000c97e  __unlock                        
1     0000c980  __stream                        
1     0000c9c0  __device                        
1     0000ca08  _parmbuf                        
1     0000ca18  ___TI_enable_exit_profile_output
1     0000ca1a  ___TI_cleanup_ptr               
1     0000ca1c  ___TI_dtors_ptr                 
1     0000ca20  __ctypes_                       
1     0000cc40  __CIOBUF_                       
abs   00000400  __STACK_SIZE                    
abs   00000400  __SYSMEM_SIZE                   
abs   ffffffff  ___TI_pprof_out_hndl            
abs   ffffffff  ___TI_prof_data_size            
abs   ffffffff  ___TI_prof_data_start           
abs   ffffffff  ___binit__                      
abs   ffffffff  ___c_args__                     
abs   ffffffff  ___pinit__                      
abs   ffffffff  binit                           
abs   ffffffff  pinit                           

[125 symbols]
